Archive member included to satisfy reference by file (symbol)

lib/st7735/libst7735.a(ST7735_TFT.c.obj)
                              CMakeFiles/REGI-Pico.dir/src/tinyengine_renderer_st7735r.c.obj (TFT_GreenTab_Initialize)
lib/config/libconfig.a(DEV_Config.c.obj)
                              CMakeFiles/REGI-Pico.dir/src/tinyengine_renderer_ili9488.c.obj (DEV_GPIO_Init)
lib/lcd/liblcd.a(LCD_Driver.c.obj)
                              CMakeFiles/REGI-Pico.dir/src/tinyengine_renderer_ili9488.c.obj (LCD_Init)
C:/Users/abina/.pico-sdk/toolchain/14_2_Rel1/bin/../lib/gcc/arm-none-eabi/14.2.1/thumb/v8-m.main+fp/softfp\libm.a(libm_a-wf_sqrt.o)
                              CMakeFiles/REGI-Pico.dir/C_/Users/abina/.pico-sdk/sdk/2.1.1/src/rp2_common/pico_float/float_math.c.obj (sqrtf)
C:/Users/abina/.pico-sdk/toolchain/14_2_Rel1/bin/../lib/gcc/arm-none-eabi/14.2.1/thumb/v8-m.main+fp/softfp\libm.a(libm_a-ef_sqrt.o)
                              C:/Users/abina/.pico-sdk/toolchain/14_2_Rel1/bin/../lib/gcc/arm-none-eabi/14.2.1/thumb/v8-m.main+fp/softfp\libm.a(libm_a-wf_sqrt.o) (__ieee754_sqrtf)
C:/Users/abina/.pico-sdk/toolchain/14_2_Rel1/bin/../lib/gcc/arm-none-eabi/14.2.1/thumb/v8-m.main+fp/softfp\libgcc.a(_arm_addsubdf3.o)
                              CMakeFiles/REGI-Pico.dir/C_/Users/abina/.pico-sdk/sdk/2.1.1/src/rp2_common/pico_float/float_math.c.obj (__aeabi_f2d)
C:/Users/abina/.pico-sdk/toolchain/14_2_Rel1/bin/../lib/gcc/arm-none-eabi/14.2.1/thumb/v8-m.main+fp/softfp\libgcc.a(_aeabi_ldivmod.o)
                              CMakeFiles/REGI-Pico.dir/C_/Users/abina/.pico-sdk/sdk/2.1.1/src/common/pico_time/time.c.obj (__aeabi_ldivmod)
C:/Users/abina/.pico-sdk/toolchain/14_2_Rel1/bin/../lib/gcc/arm-none-eabi/14.2.1/thumb/v8-m.main+fp/softfp\libgcc.a(_aeabi_uldivmod.o)
                              CMakeFiles/REGI-Pico.dir/src/tinyengine.c.obj (__aeabi_uldivmod)
C:/Users/abina/.pico-sdk/toolchain/14_2_Rel1/bin/../lib/gcc/arm-none-eabi/14.2.1/thumb/v8-m.main+fp/softfp\libgcc.a(_udivmoddi4.o)
                              C:/Users/abina/.pico-sdk/toolchain/14_2_Rel1/bin/../lib/gcc/arm-none-eabi/14.2.1/thumb/v8-m.main+fp/softfp\libgcc.a(_aeabi_ldivmod.o) (__udivmoddi4)
C:/Users/abina/.pico-sdk/toolchain/14_2_Rel1/bin/../lib/gcc/arm-none-eabi/14.2.1/thumb/v8-m.main+fp/softfp\libgcc.a(_dvmd_tls.o)
                              C:/Users/abina/.pico-sdk/toolchain/14_2_Rel1/bin/../lib/gcc/arm-none-eabi/14.2.1/thumb/v8-m.main+fp/softfp\libgcc.a(_aeabi_ldivmod.o) (__aeabi_ldiv0)
C:/Users/abina/.pico-sdk/toolchain/14_2_Rel1/bin/../lib/gcc/arm-none-eabi/14.2.1/thumb/v8-m.main+fp/softfp\libg.a(libc_a-calloc.o)
                              CMakeFiles/REGI-Pico.dir/C_/Users/abina/.pico-sdk/sdk/2.1.1/src/rp2_common/pico_malloc/malloc.c.obj (calloc)
C:/Users/abina/.pico-sdk/toolchain/14_2_Rel1/bin/../lib/gcc/arm-none-eabi/14.2.1/thumb/v8-m.main+fp/softfp\libg.a(libc_a-callocr.o)
                              C:/Users/abina/.pico-sdk/toolchain/14_2_Rel1/bin/../lib/gcc/arm-none-eabi/14.2.1/thumb/v8-m.main+fp/softfp\libg.a(libc_a-calloc.o) (_calloc_r)
C:/Users/abina/.pico-sdk/toolchain/14_2_Rel1/bin/../lib/gcc/arm-none-eabi/14.2.1/thumb/v8-m.main+fp/softfp\libg.a(libc_a-malloc.o)
                              CMakeFiles/REGI-Pico.dir/C_/Users/abina/.pico-sdk/sdk/2.1.1/src/rp2_common/pico_malloc/malloc.c.obj (malloc)
C:/Users/abina/.pico-sdk/toolchain/14_2_Rel1/bin/../lib/gcc/arm-none-eabi/14.2.1/thumb/v8-m.main+fp/softfp\libg.a(libc_a-mallocr.o)
                              C:/Users/abina/.pico-sdk/toolchain/14_2_Rel1/bin/../lib/gcc/arm-none-eabi/14.2.1/thumb/v8-m.main+fp/softfp\libg.a(libc_a-callocr.o) (_malloc_r)
C:/Users/abina/.pico-sdk/toolchain/14_2_Rel1/bin/../lib/gcc/arm-none-eabi/14.2.1/thumb/v8-m.main+fp/softfp\libg.a(libc_a-mlock.o)
                              C:/Users/abina/.pico-sdk/toolchain/14_2_Rel1/bin/../lib/gcc/arm-none-eabi/14.2.1/thumb/v8-m.main+fp/softfp\libg.a(libc_a-mallocr.o) (__malloc_lock)
C:/Users/abina/.pico-sdk/toolchain/14_2_Rel1/bin/../lib/gcc/arm-none-eabi/14.2.1/thumb/v8-m.main+fp/softfp\libg.a(libc_a-mstats.o)
                              CMakeFiles/REGI-Pico.dir/src/game.c.obj (mallinfo)
C:/Users/abina/.pico-sdk/toolchain/14_2_Rel1/bin/../lib/gcc/arm-none-eabi/14.2.1/thumb/v8-m.main+fp/softfp\libg.a(libc_a-realloc.o)
                              CMakeFiles/REGI-Pico.dir/C_/Users/abina/.pico-sdk/sdk/2.1.1/src/rp2_common/pico_malloc/malloc.c.obj (realloc)
C:/Users/abina/.pico-sdk/toolchain/14_2_Rel1/bin/../lib/gcc/arm-none-eabi/14.2.1/thumb/v8-m.main+fp/softfp\libg.a(libc_a-reallocr.o)
                              C:/Users/abina/.pico-sdk/toolchain/14_2_Rel1/bin/../lib/gcc/arm-none-eabi/14.2.1/thumb/v8-m.main+fp/softfp\libg.a(libc_a-realloc.o) (_realloc_r)
C:/Users/abina/.pico-sdk/toolchain/14_2_Rel1/bin/../lib/gcc/arm-none-eabi/14.2.1/thumb/v8-m.main+fp/softfp\libg.a(libc_a-malloptr.o)
[...]
Memory Configuration

Name             Origin             Length             Attributes
FLASH            0x10000000         0x00400000         xr
RAM              0x20000000         0x00080000         xrw
SCRATCH_X        0x20080000         0x00001000         xrw
SCRATCH_Y        0x20081000         0x00001000         xrw
*default*        0x00000000         0xffffffff

Linker script and memory map

LOAD C:/Users/abina/.pico-sdk/toolchain/14_2_Rel1/bin/../lib/gcc/arm-none-eabi/14.2.1/thumb/v8-m.main+fp/softfp/crti.o
LOAD C:/Users/abina/.pico-sdk/toolchain/14_2_Rel1/bin/../lib/gcc/arm-none-eabi/14.2.1/thumb/v8-m.main+fp/softfp/crtbegin.o
LOAD C:/Users/abina/.pico-sdk/toolchain/14_2_Rel1/bin/../lib/gcc/arm-none-eabi/14.2.1/thumb/v8-m.main+fp/softfp/crt0.o

.flash_begin    0x10000000        0x0
                0x10000000                        __flash_binary_start = .

.text           0x10000000     0x8cc0
                0x10000000                        __logical_binary_start = .
 *(.vectors)
 .vectors       0x10000000      0x124 CMakeFiles/REGI-Pico.dir/C_/Users/abina/.pico-sdk/sdk/2.1.1/src/rp2_common/pico_crt0/crt0.S.obj
                0x10000000                __VECTOR_TABLE
                0x10000000                __vectors
                0x10000110                __default_isrs_start
                0x10000110                isr_invalid
                0x10000112                isr_nmi
                0x10000114                isr_hardfault
                0x10000116                isr_svcall
                0x10000118                isr_pendsv
                0x1000011a                isr_systick
                0x1000011c                isr_irq31
                0x1000011c                isr_irq5
                0x1000011c                isr_irq11
                0x1000011c                isr_irq32
                0x1000011c                isr_irq23
                0x1000011c                isr_irq48
                0x1000011c                isr_irq35
                0x1000011c                isr_irq18
                0x1000011c                isr_irq50
                0x1000011c                isr_irq27
                0x1000011c                isr_irq40
                0x1000011c                isr_irq28
                0x1000011c                isr_irq19
                0x1000011c                isr_irq36
                0x1000011c                isr_irq41
                0x1000011c                isr_irq0
                0x1000011c                isr_irq6
                0x1000011c                isr_irq45
                0x1000011c                isr_irq12
                0x1000011c                isr_irq37
                0x1000011c                isr_irq42
                0x1000011c                isr_irq22
                0x1000011c                isr_irq43
                0x1000011c                isr_irq17
                0x1000011c                isr_irq38
                0x1000011c                isr_irq14
                0x1000011c                isr_irq13
                0x1000011c                isr_irq2
                0x1000011c                isr_irq10
                0x1000011c                isr_irq8
                0x1000011c                isr_irq24
                0x1000011c                isr_irq46
                0x1000011c                isr_irq1
                0x1000011c                isr_irq47
                0x1000011c                isr_irq51
                0x1000011c                isr_irq7
                0x1000011c                isr_irq21
                0x1000011c                isr_irq39
                0x1000011c                isr_irq20
                0x1000011c                isr_irq15
                0x1000011c                isr_irq25
                0x1000011c                isr_irq34
                0x1000011c                isr_irq49
                0x1000011c                __unhandled_user_irq
                0x1000011c                isr_irq4
                0x1000011c                isr_irq16
                0x1000011c                isr_irq44
                0x1000011c                isr_irq29
                0x1000011c                isr_irq26
                0x1000011c                __default_isrs_end
                0x1000011c                isr_irq33
                0x1000011c                isr_irq3
                0x1000011c                isr_irq30
                0x1000011c                isr_irq9
                0x10000122                unhandled_user_irq_num_in_r0
 *(.binary_info_header)
 .binary_info_header
                0x10000124       0x14 CMakeFiles/REGI-Pico.dir/C_/Users/abina/.pico-sdk/sdk/2.1.1/src/rp2_common/pico_crt0/crt0.S.obj
                0x10000138                        __binary_info_header_end = .
 *(.embedded_block)
 .embedded_block
                0x10000138       0x14 CMakeFiles/REGI-Pico.dir/C_/Users/abina/.pico-sdk/sdk/2.1.1/src/rp2_common/pico_crt0/crt0.S.obj
                0x1000014c                        __embedded_block_end = .
 *(.reset)
 .reset         0x1000014c       0xa0 CMakeFiles/REGI-Pico.dir/C_/Users/abina/.pico-sdk/sdk/2.1.1/src/rp2_common/pico_crt0/crt0.S.obj
                0x1000014c                _entry_point
 *(.init)
 .init          0x100001ec        0x4 C:/Users/abina/.pico-sdk/toolchain/14_2_Rel1/bin/../lib/gcc/arm-none-eabi/14.2.1/thumb/v8-m.main+fp/softfp/crti.o
                0x100001ec                _init
 *libgcc.a:cmse_nonsecure_call.o()
 *(EXCLUDE_FILE(*libm.a: *libc.a:*lib_a-mem*.o *libgcc.a:) .text*)
 .text.register_tm_clones
                0x100001f0       0x28 C:/Users/abina/.pico-sdk/toolchain/14_2_Rel1/bin/../lib/gcc/arm-none-eabi/14.2.1/thumb/v8-m.main+fp/softfp/crtbegin.o
 .text.frame_dummy
                0x10000218       0x24 C:/Users/abina/.pico-sdk/toolchain/14_2_Rel1/bin/../lib/gcc/arm-none-eabi/14.2.1/thumb/v8-m.main+fp/softfp/crtbegin.o
 .text.post_init
                0x1000023c        0x4 CMakeFiles/REGI-Pico.dir/src/game.c.obj
                0x1000023c                post_init
 .text.pre_init
                0x10000240       0x90 CMakeFiles/REGI-Pico.dir/src/game.c.obj
                0x10000240                pre_init
 .text.loop_clbk
                0x100002d0        0x4 CMakeFiles/REGI-Pico.dir/src/game.c.obj
                0x100002d0                loop_clbk
 .text.render   0x100002d4       0x40 CMakeFiles/REGI-Pico.dir/src/game.c.obj
                0x100002d4                render
 *fill*         0x10000314        0x4 
 .text.update   0x10000318      0x168 CMakeFiles/REGI-Pico.dir/src/game.c.obj
                0x10000318                update
 .text.run      0x10000480       0xc4 CMakeFiles/REGI-Pico.dir/src/game.c.obj
                0x10000480                run
 .text.measure_freqs
                0x10000544       0xa8 CMakeFiles/REGI-Pico.dir/src/main.c.obj
                0x10000544                measure_freqs
 .text.startup.main
                0x100005ec       0x60 CMakeFiles/REGI-Pico.dir/src/main.c.obj
                0x100005ec                main
 .text.tinyengine_init
                0x1000064c       0x18 CMakeFiles/REGI-Pico.dir/src/tinyengine.c.obj
                0x1000064c                tinyengine_init
 .text.tinyengine_start
                0x10000664        0x4 CMakeFiles/REGI-Pico.dir/src/tinyengine.c.obj
                0x10000664                tinyengine_start
 .text.tinyengine_init_renderer
                0x10000668       0xb4 CMakeFiles/REGI-Pico.dir/src/tinyengine.c.obj
                0x10000668                tinyengine_init_renderer
 *fill*         0x1000071c        0x4 
 .text.tinyengine_start_loop
                0x10000720      0x1a8 CMakeFiles/REGI-Pico.dir/src/tinyengine.c.obj
                0x10000720                tinyengine_start_loop
 .text.te_fb_init
                0x100008c8       0x34 CMakeFiles/REGI-Pico.dir/src/tinyengine_framebuffer.c.obj
                0x100008c8                te_fb_init
 .text.te_fb_destroy
                0x100008fc       0x1c CMakeFiles/REGI-Pico.dir/src/tinyengine_framebuffer.c.obj
                0x100008fc                te_fb_destroy
 .text.te_fb_clear
                0x10000918       0x10 CMakeFiles/REGI-Pico.dir/src/tinyengine_framebuffer.c.obj
                0x10000918                te_fb_clear
 .text.te_fb_swap_blocking
                0x10000928       0x14 CMakeFiles/REGI-Pico.dir/src/tinyengine_framebuffer.c.obj
                0x10000928                te_fb_swap_blocking
 .text.te_fb_draw_sprite_batch
                0x1000093c       0x94 CMakeFiles/REGI-Pico.dir/src/tinyengine_framebuffer.c.obj
                0x1000093c                te_fb_draw_sprite_batch
 .text.tinyengine_renderer_dvi_flip_blocking
                0x100009d0       0x18 CMakeFiles/REGI-Pico.dir/src/tinyengine_renderer_dvi.c.obj
                0x100009d0                tinyengine_renderer_dvi_flip_blocking
 .text.tinyengine_renderer_dvi_init
                0x100009e8      0x310 CMakeFiles/REGI-Pico.dir/src/tinyengine_renderer_dvi.c.obj
                0x100009e8                tinyengine_renderer_dvi_init
 .text.tinyengine_renderer_ili9488_init
                0x10000cf8       0x6c CMakeFiles/REGI-Pico.dir/src/tinyengine_renderer_ili9488.c.obj
                0x10000cf8                tinyengine_renderer_ili9488_init
 .text.tinyengine_renderer_st7735r_init
                0x10000d64       0x84 CMakeFiles/REGI-Pico.dir/src/tinyengine_renderer_st7735r.c.obj
                0x10000d64                tinyengine_renderer_st7735r_init
 .text.gpio_set_function
                0x10000de8       0x3c CMakeFiles/REGI-Pico.dir/C_/Users/abina/.pico-sdk/sdk/2.1.1/src/rp2_common/hardware_gpio/gpio.c.obj
                0x10000de8                gpio_set_function
 .text.gpio_set_pulls
                0x10000e24       0x28 CMakeFiles/REGI-Pico.dir/C_/Users/abina/.pico-sdk/sdk/2.1.1/src/rp2_common/hardware_gpio/gpio.c.obj
                0x10000e24                gpio_set_pulls
 .text.gpio_set_drive_strength
                0x10000e4c       0x20 CMakeFiles/REGI-Pico.dir/C_/Users/abina/.pico-sdk/sdk/2.1.1/src/rp2_common/hardware_gpio/gpio.c.obj
                0x10000e4c                gpio_set_drive_strength
 .text.gpio_init
                0x10000e6c       0x48 CMakeFiles/REGI-Pico.dir/C_/Users/abina/.pico-sdk/sdk/2.1.1/src/rp2_common/hardware_gpio/gpio.c.obj
                0x10000e6c                gpio_init
 .text.panic    0x10000eb4       0x30 CMakeFiles/REGI-Pico.dir/C_/Users/abina/.pico-sdk/sdk/2.1.1/src/rp2_common/pico_platform_panic/panic.c.obj
                0x10000eb4                panic
 .text.hw_claim_or_assert
                0x10000ee4       0x58 CMakeFiles/REGI-Pico.dir/C_/Users/abina/.pico-sdk/sdk/2.1.1/src/common/hardware_claim/claim.c.obj
                0x10000ee4                hw_claim_or_assert
 .text.next_striped_spin_lock_num
                0x10000f3c       0x18 CMakeFiles/REGI-Pico.dir/C_/Users/abina/.pico-sdk/sdk/2.1.1/src/rp2_common/hardware_sync/sync.c.obj
                0x10000f3c                next_striped_spin_lock_num
 .text.spinlock_set_extexclall
                0x10000f54       0x10 CMakeFiles/REGI-Pico.dir/C_/Users/abina/.pico-sdk/sdk/2.1.1/src/rp2_common/hardware_sync_spin_lock/sync_spin_lock.c.obj
 .text.spin_locks_reset
                0x10000f64       0x18 CMakeFiles/REGI-Pico.dir/C_/Users/abina/.pico-sdk/sdk/2.1.1/src/rp2_common/hardware_sync_spin_lock/sync_spin_lock.c.obj
                0x10000f64                spin_locks_reset
 .text.runtime_init_per_core_irq_priorities
                0x10000f7c       0x40 CMakeFiles/REGI-Pico.dir/C_/Users/abina/.pico-sdk/sdk/2.1.1/src/rp2_common/hardware_irq/irq.c.obj
                0x10000f7c                runtime_init_per_core_irq_priorities
 .text.irq_set_enabled
                0x10000fbc       0x2c CMakeFiles/REGI-Pico.dir/C_/Users/abina/.pico-sdk/sdk/2.1.1/src/rp2_common/hardware_irq/irq.c.obj
                0x10000fbc                irq_set_enabled
 .text.irq_set_exclusive_handler
                0x10000fe8       0x60 CMakeFiles/REGI-Pico.dir/C_/Users/abina/.pico-sdk/sdk/2.1.1/src/rp2_common/hardware_irq/irq.c.obj
                0x10000fe8                irq_set_exclusive_handler
 .text.irq_remove_handler
                0x10001048      0x1f4 CMakeFiles/REGI-Pico.dir/C_/Users/abina/.pico-sdk/sdk/2.1.1/src/rp2_common/hardware_irq/irq.c.obj
                0x10001048                irq_remove_handler
 .text.irq_add_tail_to_free_list
                0x1000123c       0xbc CMakeFiles/REGI-Pico.dir/C_/Users/abina/.pico-sdk/sdk/2.1.1/src/rp2_common/hardware_irq/irq.c.obj
                0x1000123c                irq_add_tail_to_free_list
 .text.lock_init
                0x100012f8        0xc CMakeFiles/REGI-Pico.dir/C_/Users/abina/.pico-sdk/sdk/2.1.1/src/common/pico_sync/lock_core.c.obj
                0x100012f8                lock_init
 .text.runtime_init_mutex
                0x10001304       0x4c CMakeFiles/REGI-Pico.dir/C_/Users/abina/.pico-sdk/sdk/2.1.1/src/common/pico_sync/mutex.c.obj
                0x10001304                runtime_init_mutex
 .text.sleep_until_callback
                0x10001350       0x3c CMakeFiles/REGI-Pico.dir/C_/Users/abina/.pico-sdk/sdk/2.1.1/src/common/pico_time/time.c.obj
 *fill*         0x1000138c        0x4 
 .text.alarm_pool_irq_handler
                0x10001390      0x2f0 CMakeFiles/REGI-Pico.dir/C_/Users/abina/.pico-sdk/sdk/2.1.1/src/common/pico_time/time.c.obj
 .text.runtime_init_default_alarm_pool
                0x10001680      0x100 CMakeFiles/REGI-Pico.dir/C_/Users/abina/.pico-sdk/sdk/2.1.1/src/common/pico_time/time.c.obj
                0x10001680                runtime_init_default_alarm_pool
 .text.alarm_pool_add_alarm_at_force_in_context
                0x10001780       0xc8 CMakeFiles/REGI-Pico.dir/C_/Users/abina/.pico-sdk/sdk/2.1.1/src/common/pico_time/time.c.obj
                0x10001780                alarm_pool_add_alarm_at_force_in_context
 .text.alarm_pool_cancel_alarm
                0x10001848       0x80 CMakeFiles/REGI-Pico.dir/C_/Users/abina/.pico-sdk/sdk/2.1.1/src/common/pico_time/time.c.obj
                0x10001848                alarm_pool_cancel_alarm
 .text.sleep_us
                0x100018c8       0xd8 CMakeFiles/REGI-Pico.dir/C_/Users/abina/.pico-sdk/sdk/2.1.1/src/common/pico_time/time.c.obj
                0x100018c8                sleep_us
 .text.sleep_ms
                0x100019a0       0xdc CMakeFiles/REGI-Pico.dir/C_/Users/abina/.pico-sdk/sdk/2.1.1/src/common/pico_time/time.c.obj
                0x100019a0                sleep_ms
 .text.best_effort_wfe_or_timeout
                0x10001a7c       0xd4 CMakeFiles/REGI-Pico.dir/C_/Users/abina/.pico-sdk/sdk/2.1.1/src/common/pico_time/time.c.obj
                0x10001a7c                best_effort_wfe_or_timeout
 .text.timer_hardware_alarm_claim
                0x10001b50       0x24 CMakeFiles/REGI-Pico.dir/C_/Users/abina/.pico-sdk/sdk/2.1.1/src/rp2_common/hardware_timer/timer.c.obj
                0x10001b50                timer_hardware_alarm_claim
 .text.timer_time_us_64
                0x10001b74       0x10 CMakeFiles/REGI-Pico.dir/C_/Users/abina/.pico-sdk/sdk/2.1.1/src/rp2_common/hardware_timer/timer.c.obj
                0x10001b74                timer_time_us_64
 .text.time_us_64
                0x10001b84       0x14 CMakeFiles/REGI-Pico.dir/C_/Users/abina/.pico-sdk/sdk/2.1.1/src/rp2_common/hardware_timer/timer.c.obj
                0x10001b84                time_us_64
 .text.busy_wait_us
                0x10001b98       0x5c CMakeFiles/REGI-Pico.dir/C_/Users/abina/.pico-sdk/sdk/2.1.1/src/rp2_common/hardware_timer/timer.c.obj
                0x10001b98                busy_wait_us
 .text.busy_wait_until
                0x10001bf4       0x24 CMakeFiles/REGI-Pico.dir/C_/Users/abina/.pico-sdk/sdk/2.1.1/src/rp2_common/hardware_timer/timer.c.obj
                0x10001bf4                busy_wait_until
 .text.uart_init
                0x10001c18      0x104 CMakeFiles/REGI-Pico.dir/C_/Users/abina/.pico-sdk/sdk/2.1.1/src/rp2_common/hardware_uart/uart.c.obj
                0x10001c18                uart_init
 .text.clock_configure
                0x10001d1c       0xfc CMakeFiles/REGI-Pico.dir/C_/Users/abina/.pico-sdk/sdk/2.1.1/src/rp2_common/hardware_clocks/clocks.c.obj
                0x10001d1c                clock_configure
 .text.clock_configure_undivided
                0x10001e18       0xd0 CMakeFiles/REGI-Pico.dir/C_/Users/abina/.pico-sdk/sdk/2.1.1/src/rp2_common/hardware_clocks/clocks.c.obj
                0x10001e18                clock_configure_undivided
 .text.clock_get_hz
                0x10001ee8        0xc CMakeFiles/REGI-Pico.dir/C_/Users/abina/.pico-sdk/sdk/2.1.1/src/rp2_common/hardware_clocks/clocks.c.obj
                0x10001ee8                clock_get_hz
 .text.frequency_count_khz
                0x10001ef4       0x54 CMakeFiles/REGI-Pico.dir/C_/Users/abina/.pico-sdk/sdk/2.1.1/src/rp2_common/hardware_clocks/clocks.c.obj
                0x10001ef4                frequency_count_khz
 .text.set_sys_clock_pll
                0x10001f48      0x184 CMakeFiles/REGI-Pico.dir/C_/Users/abina/.pico-sdk/sdk/2.1.1/src/rp2_common/hardware_clocks/clocks.c.obj
                0x10001f48                set_sys_clock_pll
 .text.check_sys_clock_khz
                0x100020cc      0x19c CMakeFiles/REGI-Pico.dir/C_/Users/abina/.pico-sdk/sdk/2.1.1/src/rp2_common/hardware_clocks/clocks.c.obj
                0x100020cc                check_sys_clock_khz
 .text.pll_init
                0x10002268       0x8c CMakeFiles/REGI-Pico.dir/C_/Users/abina/.pico-sdk/sdk/2.1.1/src/rp2_common/hardware_pll/pll.c.obj
                0x10002268                pll_init
 .text.vreg_set_voltage
                0x100022f4       0x44 CMakeFiles/REGI-Pico.dir/C_/Users/abina/.pico-sdk/sdk/2.1.1/src/rp2_common/hardware_vreg/vreg.c.obj
                0x100022f4                vreg_set_voltage
 .text.tick_start
                0x10002338       0x18 CMakeFiles/REGI-Pico.dir/C_/Users/abina/.pico-sdk/sdk/2.1.1/src/rp2_common/hardware_ticks/ticks.c.obj
                0x10002338                tick_start
 .text.rom_func_lookup
                0x10002350       0x18 CMakeFiles/REGI-Pico.dir/C_/Users/abina/.pico-sdk/sdk/2.1.1/src/rp2_common/pico_bootrom/bootrom.c.obj
                0x10002350                rom_func_lookup
 .text.rom_get_boot_random
                0x10002368       0x48 CMakeFiles/REGI-Pico.dir/C_/Users/abina/.pico-sdk/sdk/2.1.1/src/rp2_common/pico_bootrom/bootrom.c.obj
                0x10002368                rom_get_boot_random
 .text.runtime_init_bootrom_locking_enable
                0x100023b0       0x14 CMakeFiles/REGI-Pico.dir/C_/Users/abina/.pico-sdk/sdk/2.1.1/src/rp2_common/pico_bootrom/bootrom_lock.c.obj
                0x100023b0                runtime_init_bootrom_locking_enable
 .text.runtime_init_boot_locks_reset
                0x100023c4       0x1c CMakeFiles/REGI-Pico.dir/C_/Users/abina/.pico-sdk/sdk/2.1.1/src/rp2_common/hardware_boot_lock/boot_lock.c.obj
                0x100023c4                runtime_init_boot_locks_reset
 .text.xosc_init
                0x100023e0       0x30 CMakeFiles/REGI-Pico.dir/C_/Users/abina/.pico-sdk/sdk/2.1.1/src/rp2_common/hardware_xosc/xosc.c.obj
                0x100023e0                xosc_init
 .text.first_per_core_initializer
                0x10002410        0x4 CMakeFiles/REGI-Pico.dir/C_/Users/abina/.pico-sdk/sdk/2.1.1/src/rp2_common/pico_runtime/runtime.c.obj
 .text.hard_assertion_failure
                0x10002414        0xc CMakeFiles/REGI-Pico.dir/C_/Users/abina/.pico-sdk/sdk/2.1.1/src/rp2_common/pico_runtime/runtime.c.obj
                0x10002414                hard_assertion_failure
 .text.runtime_run_initializers
                0x10002420       0x20 CMakeFiles/REGI-Pico.dir/C_/Users/abina/.pico-sdk/sdk/2.1.1/src/rp2_common/pico_runtime/runtime.c.obj
                0x10002420                runtime_run_initializers
 .text.runtime_init_early_resets
                0x10002440       0x34 CMakeFiles/REGI-Pico.dir/C_/Users/abina/.pico-sdk/sdk/2.1.1/src/rp2_common/pico_runtime_init/runtime_init.c.obj
                0x10002440                runtime_init_early_resets
 .text.runtime_init_usb_power_down
                0x10002474       0x1c CMakeFiles/REGI-Pico.dir/C_/Users/abina/.pico-sdk/sdk/2.1.1/src/rp2_common/pico_runtime_init/runtime_init.c.obj
                0x10002474                runtime_init_usb_power_down
 .text.runtime_init_per_core_enable_coprocessors
                0x10002490       0x1c CMakeFiles/REGI-Pico.dir/C_/Users/abina/.pico-sdk/sdk/2.1.1/src/rp2_common/pico_runtime_init/runtime_init.c.obj
                0x10002490                runtime_init_per_core_enable_coprocessors
 .text.runtime_init_post_clock_resets
                0x100024ac       0x20 CMakeFiles/REGI-Pico.dir/C_/Users/abina/.pico-sdk/sdk/2.1.1/src/rp2_common/pico_runtime_init/runtime_init.c.obj
                0x100024ac                runtime_init_post_clock_resets
 .text.runtime_init_bootrom_reset
                0x100024cc       0x14 CMakeFiles/REGI-Pico.dir/C_/Users/abina/.pico-sdk/sdk/2.1.1/src/rp2_common/pico_runtime_init/runtime_init.c.obj
                0x100024cc                runtime_init_bootrom_reset
 .text.runtime_init_per_core_bootrom_reset
                0x100024e0       0x14 CMakeFiles/REGI-Pico.dir/C_/Users/abina/.pico-sdk/sdk/2.1.1/src/rp2_common/pico_runtime_init/runtime_init.c.obj
                0x100024e0                runtime_init_per_core_bootrom_reset
 .text.runtime_init_spin_locks_reset
                0x100024f4        0x4 CMakeFiles/REGI-Pico.dir/C_/Users/abina/.pico-sdk/sdk/2.1.1/src/rp2_common/pico_runtime_init/runtime_init.c.obj
                0x100024f4                runtime_init_spin_locks_reset
 .text.runtime_init_install_ram_vector_table
                0x100024f8       0x20 CMakeFiles/REGI-Pico.dir/C_/Users/abina/.pico-sdk/sdk/2.1.1/src/rp2_common/pico_runtime_init/runtime_init.c.obj
                0x100024f8                runtime_init_install_ram_vector_table
 .text.runtime_init_clocks
                0x10002518       0xdc CMakeFiles/REGI-Pico.dir/C_/Users/abina/.pico-sdk/sdk/2.1.1/src/rp2_common/pico_runtime_init/runtime_init_clocks.c.obj
                0x10002518                runtime_init_clocks
 .text.__rp2350_dcp_engaged_state_save_restore
                0x100025f4       0x3a CMakeFiles/REGI-Pico.dir/C_/Users/abina/.pico-sdk/sdk/2.1.1/src/rp2_common/pico_double/double_aeabi_dcp.S.obj
 *fill*         0x1000262e        0x2 
 .text.__wrap___aeabi_dadd
                0x10002630       0x28 CMakeFiles/REGI-Pico.dir/C_/Users/abina/.pico-sdk/sdk/2.1.1/src/rp2_common/pico_double/double_aeabi_dcp.S.obj
                0x10002638                __wrap___aeabi_dadd
 .text.__wrap___aeabi_dsub
                0x10002658       0x28 CMakeFiles/REGI-Pico.dir/C_/Users/abina/.pico-sdk/sdk/2.1.1/src/rp2_common/pico_double/double_aeabi_dcp.S.obj
                0x10002660                __wrap___aeabi_dsub
 .text.__wrap___aeabi_dmul
                0x10002680       0x4c CMakeFiles/REGI-Pico.dir/C_/Users/abina/.pico-sdk/sdk/2.1.1/src/rp2_common/pico_double/double_aeabi_dcp.S.obj
                0x10002688                __wrap___aeabi_dmul
 .text.__wrap___aeabi_ddiv
                0x100026cc       0x9c CMakeFiles/REGI-Pico.dir/C_/Users/abina/.pico-sdk/sdk/2.1.1/src/rp2_common/pico_double/double_aeabi_dcp.S.obj
                0x100026d4                __wrap___aeabi_ddiv
 .text.__wrap___aeabi_i2d
                0x10002768       0x24 CMakeFiles/REGI-Pico.dir/C_/Users/abina/.pico-sdk/sdk/2.1.1/src/rp2_common/pico_double/double_aeabi_dcp.S.obj
                0x10002770                int2double
                0x10002770                __wrap___aeabi_i2d
 .text.__wrap___aeabi_ui2d
                0x1000278c       0x24 CMakeFiles/REGI-Pico.dir/C_/Users/abina/.pico-sdk/sdk/2.1.1/src/rp2_common/pico_double/double_aeabi_dcp.S.obj
                0x10002794                uint2double
                0x10002794                __wrap___aeabi_ui2d
 .text.__wrap___aeabi_d2iz
                0x100027b0       0x24 CMakeFiles/REGI-Pico.dir/C_/Users/abina/.pico-sdk/sdk/2.1.1/src/rp2_common/pico_double/double_aeabi_dcp.S.obj
                0x100027b8                double2int_z
                0x100027b8                __wrap___aeabi_d2iz
 .text.__wrap___aeabi_d2uiz
                0x100027d4       0x24 CMakeFiles/REGI-Pico.dir/C_/Users/abina/.pico-sdk/sdk/2.1.1/src/rp2_common/pico_double/double_aeabi_dcp.S.obj
                0x100027dc                double2uint
                0x100027dc                __wrap___aeabi_d2uiz
                0x100027dc                double2uint_z
 .text.__wrap___aeabi_dcmpun
                0x100027f8       0x24 CMakeFiles/REGI-Pico.dir/C_/Users/abina/.pico-sdk/sdk/2.1.1/src/rp2_common/pico_double/double_aeabi_dcp.S.obj
                0x10002800                __wrap___aeabi_dcmpun
 .text.__wrap___aeabi_dcmplt
                0x1000281c       0x28 CMakeFiles/REGI-Pico.dir/C_/Users/abina/.pico-sdk/sdk/2.1.1/src/rp2_common/pico_double/double_aeabi_dcp.S.obj
                0x10002824                __wrap___aeabi_dcmplt
 .text.__wrap___aeabi_dcmple
                0x10002844       0x28 CMakeFiles/REGI-Pico.dir/C_/Users/abina/.pico-sdk/sdk/2.1.1/src/rp2_common/pico_double/double_aeabi_dcp.S.obj
                0x1000284c                __wrap___aeabi_dcmple
 .text.__wrap___aeabi_dcmpge
                0x1000286c       0x28 CMakeFiles/REGI-Pico.dir/C_/Users/abina/.pico-sdk/sdk/2.1.1/src/rp2_common/pico_double/double_aeabi_dcp.S.obj
                0x10002874                __wrap___aeabi_dcmpge
 .text.__wrap___aeabi_dcmpgt
                0x10002894       0x28 CMakeFiles/REGI-Pico.dir/C_/Users/abina/.pico-sdk/sdk/2.1.1/src/rp2_common/pico_double/double_aeabi_dcp.S.obj
                0x1000289c                __wrap___aeabi_dcmpgt
 .text.__wrap_malloc
                0x100028bc       0x38 CMakeFiles/REGI-Pico.dir/C_/Users/abina/.pico-sdk/sdk/2.1.1/src/rp2_common/pico_malloc/malloc.c.obj
                0x100028bc                __wrap_malloc
 .text.__wrap_calloc
                0x100028f4       0x40 CMakeFiles/REGI-Pico.dir/C_/Users/abina/.pico-sdk/sdk/2.1.1/src/rp2_common/pico_malloc/malloc.c.obj
                0x100028f4                __wrap_calloc
 .text.__wrap_free
                0x10002934       0x20 CMakeFiles/REGI-Pico.dir/C_/Users/abina/.pico-sdk/sdk/2.1.1/src/rp2_common/pico_malloc/malloc.c.obj
                0x10002934                __wrap_free
 .text._out_null
                0x10002954        0x4 CMakeFiles/REGI-Pico.dir/C_/Users/abina/.pico-sdk/sdk/2.1.1/src/rp2_common/pico_printf/printf.c.obj
 .text._out_rev
                0x10002958       0x9c CMakeFiles/REGI-Pico.dir/C_/Users/abina/.pico-sdk/sdk/2.1.1/src/rp2_common/pico_printf/printf.c.obj
 .text._ntoa_format
                0x100029f4      0x1d4 CMakeFiles/REGI-Pico.dir/C_/Users/abina/.pico-sdk/sdk/2.1.1/src/rp2_common/pico_printf/printf.c.obj
 .text._out_char
                0x10002bc8        0x8 CMakeFiles/REGI-Pico.dir/C_/Users/abina/.pico-sdk/sdk/2.1.1/src/rp2_common/pico_printf/printf.c.obj
 .text._out_fct
                0x10002bd0        0xc CMakeFiles/REGI-Pico.dir/C_/Users/abina/.pico-sdk/sdk/2.1.1/src/rp2_common/pico_printf/printf.c.obj
 *fill*         0x10002bdc        0x4 
 .text._ftoa    0x10002be0      0x4bc CMakeFiles/REGI-Pico.dir/C_/Users/abina/.pico-sdk/sdk/2.1.1/src/rp2_common/pico_printf/printf.c.obj
 *fill*         0x1000309c        0x4 
 .text._etoa    0x100030a0      0x574 CMakeFiles/REGI-Pico.dir/C_/Users/abina/.pico-sdk/sdk/2.1.1/src/rp2_common/pico_printf/printf.c.obj
 .text._vsnprintf
                0x10003614      0x9e4 CMakeFiles/REGI-Pico.dir/C_/Users/abina/.pico-sdk/sdk/2.1.1/src/rp2_common/pico_printf/printf.c.obj
 .text.vfctprintf
                0x10003ff8       0x28 CMakeFiles/REGI-Pico.dir/C_/Users/abina/.pico-sdk/sdk/2.1.1/src/rp2_common/pico_printf/printf.c.obj
                0x10003ff8                vfctprintf
 .text.weak_raw_vprintf
                0x10004020       0x30 CMakeFiles/REGI-Pico.dir/C_/Users/abina/.pico-sdk/sdk/2.1.1/src/rp2_common/pico_printf/printf.c.obj
                0x10004020                weak_raw_vprintf
 .text._exit    0x10004050        0x4 CMakeFiles/REGI-Pico.dir/C_/Users/abina/.pico-sdk/sdk/2.1.1/src/rp2_common/pico_clib_interface/newlib_interface.c.obj
                0x10004050                _exit
 .text._sbrk    0x10004054       0x2c CMakeFiles/REGI-Pico.dir/C_/Users/abina/.pico-sdk/sdk/2.1.1/src/rp2_common/pico_clib_interface/newlib_interface.c.obj
                0x10004054                _sbrk
 .text.exit     0x10004080        0x8 CMakeFiles/REGI-Pico.dir/C_/Users/abina/.pico-sdk/sdk/2.1.1/src/rp2_common/pico_clib_interface/newlib_interface.c.obj
                0x10004080                exit
 .text.runtime_init
                0x10004088       0x24 CMakeFiles/REGI-Pico.dir/C_/Users/abina/.pico-sdk/sdk/2.1.1/src/rp2_common/pico_clib_interface/newlib_interface.c.obj
                0x10004088                runtime_init
 .text.stdio_out_chars_no_crlf
                0x100040ac        0x8 CMakeFiles/REGI-Pico.dir/C_/Users/abina/.pico-sdk/sdk/2.1.1/src/rp2_common/pico_stdio/stdio.c.obj
 .text.stdio_out_chars_crlf
                0x100040b4       0xb0 CMakeFiles/REGI-Pico.dir/C_/Users/abina/.pico-sdk/sdk/2.1.1/src/rp2_common/pico_stdio/stdio.c.obj
 .text.stdio_buffered_printer
                0x10004164       0x60 CMakeFiles/REGI-Pico.dir/C_/Users/abina/.pico-sdk/sdk/2.1.1/src/rp2_common/pico_stdio/stdio.c.obj
 .text.stdio_put_string
                0x100041c4       0xec CMakeFiles/REGI-Pico.dir/C_/Users/abina/.pico-sdk/sdk/2.1.1/src/rp2_common/pico_stdio/stdio.c.obj
                0x100041c4                stdio_put_string
 .text.stdio_set_driver_enabled
                0x100042b0       0x28 CMakeFiles/REGI-Pico.dir/C_/Users/abina/.pico-sdk/sdk/2.1.1/src/rp2_common/pico_stdio/stdio.c.obj
                0x100042b0                stdio_set_driver_enabled
 .text.stdio_init_all
                0x100042d8        0xc CMakeFiles/REGI-Pico.dir/C_/Users/abina/.pico-sdk/sdk/2.1.1/src/rp2_common/pico_stdio/stdio.c.obj
                0x100042d8                stdio_init_all
 .text.__wrap_putchar
                0x100042e4       0x84 CMakeFiles/REGI-Pico.dir/C_/Users/abina/.pico-sdk/sdk/2.1.1/src/rp2_common/pico_stdio/stdio.c.obj
                0x100042e4                __wrap_putchar
                0x100042e4                stdio_putchar
 .text.__wrap_puts
                0x10004368       0x3c CMakeFiles/REGI-Pico.dir/C_/Users/abina/.pico-sdk/sdk/2.1.1/src/rp2_common/pico_stdio/stdio.c.obj
                0x10004368                stdio_puts
                0x10004368                __wrap_puts
 .text.__wrap_vprintf
                0x100043a4       0xc4 CMakeFiles/REGI-Pico.dir/C_/Users/abina/.pico-sdk/sdk/2.1.1/src/rp2_common/pico_stdio/stdio.c.obj
                0x100043a4                stdio_vprintf
                0x100043a4                __wrap_vprintf
 .text.__wrap_printf
                0x10004468       0x1c CMakeFiles/REGI-Pico.dir/C_/Users/abina/.pico-sdk/sdk/2.1.1/src/rp2_common/pico_stdio/stdio.c.obj
                0x10004468                __wrap_printf
                0x10004468                stdio_printf
 .text.stdio_uart_out_chars
                0x10004484       0x50 CMakeFiles/REGI-Pico.dir/C_/Users/abina/.pico-sdk/sdk/2.1.1/src/rp2_common/pico_stdio_uart/stdio_uart.c.obj
 .text.stdio_uart_in_chars
                0x100044d4       0x94 CMakeFiles/REGI-Pico.dir/C_/Users/abina/.pico-sdk/sdk/2.1.1/src/rp2_common/pico_stdio_uart/stdio_uart.c.obj
                0x100044d4                stdio_uart_in_chars
 .text.on_uart_rx
                0x10004568       0x24 CMakeFiles/REGI-Pico.dir/C_/Users/abina/.pico-sdk/sdk/2.1.1/src/rp2_common/pico_stdio_uart/stdio_uart.c.obj
 .text.stdio_uart_out_flush
                0x1000458c       0x10 CMakeFiles/REGI-Pico.dir/C_/Users/abina/.pico-sdk/sdk/2.1.1/src/rp2_common/pico_stdio_uart/stdio_uart.c.obj
 .text.stdio_uart_set_chars_available_callback
                0x1000459c       0x88 CMakeFiles/REGI-Pico.dir/C_/Users/abina/.pico-sdk/sdk/2.1.1/src/rp2_common/pico_stdio_uart/stdio_uart.c.obj
 .text.stdio_uart_init
                0x10004624       0x54 CMakeFiles/REGI-Pico.dir/C_/Users/abina/.pico-sdk/sdk/2.1.1/src/rp2_common/pico_stdio_uart/stdio_uart.c.obj
                0x10004624                stdio_uart_init
 .text.splitmix64
                0x10004678       0x70 CMakeFiles/REGI-Pico.dir/C_/Users/abina/.pico-sdk/sdk/2.1.1/src/rp2_common/pico_rand/rand.c.obj
 .text.capture_additional_trng_samples
                0x100046e8       0xa0 CMakeFiles/REGI-Pico.dir/C_/Users/abina/.pico-sdk/sdk/2.1.1/src/rp2_common/pico_rand/rand.c.obj
 .text.xoroshiro128ss
                0x10004788       0x8c CMakeFiles/REGI-Pico.dir/C_/Users/abina/.pico-sdk/sdk/2.1.1/src/rp2_common/pico_rand/rand.c.obj
 .text.get_rand_64
                0x10004814      0x188 CMakeFiles/REGI-Pico.dir/C_/Users/abina/.pico-sdk/sdk/2.1.1/src/rp2_common/pico_rand/rand.c.obj
                0x10004814                get_rand_64
 .text.get_rand_32
                0x1000499c        0x8 CMakeFiles/REGI-Pico.dir/C_/Users/abina/.pico-sdk/sdk/2.1.1/src/rp2_common/pico_rand/rand.c.obj
                0x1000499c                get_rand_32
 .text.startup._retrieve_unique_id_on_boot
                0x100049a4       0x30 CMakeFiles/REGI-Pico.dir/C_/Users/abina/.pico-sdk/sdk/2.1.1/src/rp2_common/pico_unique_id/unique_id.c.obj
 .text.spi_init
                0x100049d4       0xf4 CMakeFiles/REGI-Pico.dir/C_/Users/abina/.pico-sdk/sdk/2.1.1/src/rp2_common/hardware_spi/spi.c.obj
                0x100049d4                spi_init
 .text.spi_get_baudrate
                0x10004ac8       0x1c CMakeFiles/REGI-Pico.dir/C_/Users/abina/.pico-sdk/sdk/2.1.1/src/rp2_common/hardware_spi/spi.c.obj
                0x10004ac8                spi_get_baudrate
 .text.dma_claim_mask
                0x10004ae4       0x34 CMakeFiles/REGI-Pico.dir/C_/Users/abina/.pico-sdk/sdk/2.1.1/src/rp2_common/hardware_dma/dma.c.obj
                0x10004ae4                dma_claim_mask
 .text.Rcmd1    0x10004b18      0xacc lib/st7735/libst7735.a(ST7735_TFT.c.obj)
                0x10004b18                Rcmd1
 .text.Rcmd3    0x100055e4      0x9a8 lib/st7735/libst7735.a(ST7735_TFT.c.obj)
                0x100055e4                Rcmd3
 .text.TFT_GreenTab_Initialize
                0x10005f8c      0x328 lib/st7735/libst7735.a(ST7735_TFT.c.obj)
                0x10005f8c                TFT_GreenTab_Initialize
 .text.setRotation
                0x100062b4      0x13c lib/st7735/libst7735.a(ST7735_TFT.c.obj)
                0x100062b4                setRotation
 .text.DEV_Digital_Write
                0x100063f0        0xc lib/config/libconfig.a(DEV_Config.c.obj)
                0x100063f0                DEV_Digital_Write
 .text.DEV_GPIO_Init
                0x100063fc       0x84 lib/config/libconfig.a(DEV_Config.c.obj)
                0x100063fc                DEV_GPIO_Init
 .text.SPI4W_Write_Byte
                0x10006480       0x28 lib/config/libconfig.a(DEV_Config.c.obj)
                0x10006480                SPI4W_Write_Byte
 .text.Driver_Delay_ms
                0x100064a8        0x4 lib/config/libconfig.a(DEV_Config.c.obj)
                0x100064a8                Driver_Delay_ms
 .text.LCD_SetGramScanWay
                0x100064ac      0x1dc lib/lcd/liblcd.a(LCD_Driver.c.obj)
                0x100064ac                LCD_SetGramScanWay
 .text.LCD_Init
                0x10006688     0x1740 lib/lcd/liblcd.a(LCD_Driver.c.obj)
                0x10006688                LCD_Init
 .text.LCD_SetWindow
                0x10007dc8      0x278 lib/lcd/liblcd.a(LCD_Driver.c.obj)
                0x10007dc8                LCD_SetWindow
 .text.LCD_Clear
                0x10008040       0x58 lib/lcd/liblcd.a(LCD_Driver.c.obj)
                0x10008040                LCD_Clear
 .text.calloc   0x10008098       0x10 C:/Users/abina/.pico-sdk/toolchain/14_2_Rel1/bin/../lib/gcc/arm-none-eabi/14.2.1/thumb/v8-m.main+fp/softfp\libg.a(libc_a-calloc.o)
                0x10008098                calloc
 .text._calloc_r
                0x100080a8       0x70 C:/Users/abina/.pico-sdk/toolchain/14_2_Rel1/bin/../lib/gcc/arm-none-eabi/14.2.1/thumb/v8-m.main+fp/softfp\libg.a(libc_a-callocr.o)
                0x100080a8                _calloc_r
 .text.malloc   0x10008118       0x10 C:/Users/abina/.pico-sdk/toolchain/14_2_Rel1/bin/../lib/gcc/arm-none-eabi/14.2.1/thumb/v8-m.main+fp/softfp\libg.a(libc_a-malloc.o)
                0x10008118                malloc
 .text.free     0x10008128       0x10 C:/Users/abina/.pico-sdk/toolchain/14_2_Rel1/bin/../lib/gcc/arm-none-eabi/14.2.1/thumb/v8-m.main+fp/softfp\libg.a(libc_a-malloc.o)
                0x10008128                free
 .text._malloc_r
                0x10008138      0x578 C:/Users/abina/.pico-sdk/toolchain/14_2_Rel1/bin/../lib/gcc/arm-none-eabi/14.2.1/thumb/v8-m.main+fp/softfp\libg.a(libc_a-mallocr.o)
                0x10008138                _malloc_r
 .text.__malloc_lock
                0x100086b0        0xc C:/Users/abina/.pico-sdk/toolchain/14_2_Rel1/bin/../lib/gcc/arm-none-eabi/14.2.1/thumb/v8-m.main+fp/softfp\libg.a(libc_a-mlock.o)
                0x100086b0                __malloc_lock
 .text.__malloc_unlock
                0x100086bc        0xc C:/Users/abina/.pico-sdk/toolchain/14_2_Rel1/bin/../lib/gcc/arm-none-eabi/14.2.1/thumb/v8-m.main+fp/softfp\libg.a(libc_a-mlock.o)
                0x100086bc                __malloc_unlock
 .text.mallinfo
                0x100086c8       0x14 C:/Users/abina/.pico-sdk/toolchain/14_2_Rel1/bin/../lib/gcc/arm-none-eabi/14.2.1/thumb/v8-m.main+fp/softfp\libg.a(libc_a-mstats.o)
                0x100086c8                mallinfo
 .text.memset   0x100086dc       0x9c C:/Users/abina/.pico-sdk/toolchain/14_2_Rel1/bin/../lib/gcc/arm-none-eabi/14.2.1/thumb/v8-m.main+fp/softfp\libg.a(libc_a-memset.o)
                0x100086dc                memset
 .text._sbrk_r  0x10008778       0x24 C:/Users/abina/.pico-sdk/toolchain/14_2_Rel1/bin/../lib/gcc/arm-none-eabi/14.2.1/thumb/v8-m.main+fp/softfp\libg.a(libc_a-sbrkr.o)
                0x10008778                _sbrk_r
 .text.__errno  0x1000879c        0xc C:/Users/abina/.pico-sdk/toolchain/14_2_Rel1/bin/../lib/gcc/arm-none-eabi/14.2.1/thumb/v8-m.main+fp/softfp\libg.a(libc_a-errno.o)
                0x1000879c                __errno
 .text.__retarget_lock_acquire_recursive
                0x100087a8        0x4 C:/Users/abina/.pico-sdk/toolchain/14_2_Rel1/bin/../lib/gcc/arm-none-eabi/14.2.1/thumb/v8-m.main+fp/softfp\libg.a(libc_a-lock.o)
                0x100087a8                __retarget_lock_acquire_recursive
 .text.__retarget_lock_release_recursive
                0x100087ac        0x4 C:/Users/abina/.pico-sdk/toolchain/14_2_Rel1/bin/../lib/gcc/arm-none-eabi/14.2.1/thumb/v8-m.main+fp/softfp\libg.a(libc_a-lock.o)
                0x100087ac                __retarget_lock_release_recursive
 .text.sysconf  0x100087b0       0x1c C:/Users/abina/.pico-sdk/toolchain/14_2_Rel1/bin/../lib/gcc/arm-none-eabi/14.2.1/thumb/v8-m.main+fp/softfp\libg.a(libc_a-sysconf.o)
                0x100087b0                sysconf
 .text          0x100087cc       0xec C:/Users/abina/.pico-sdk/toolchain/14_2_Rel1/bin/../lib/gcc/arm-none-eabi/14.2.1/thumb/v8-m.main+fp/softfp\libg.a(libc_a-memcpy.o)
                0x100087cc                memcpy
 .text.strlen   0x100088b8       0x5c C:/Users/abina/.pico-sdk/toolchain/14_2_Rel1/bin/../lib/gcc/arm-none-eabi/14.2.1/thumb/v8-m.main+fp/softfp\libg.a(libc_a-strlen-stub.o)
                0x100088b8                strlen
 .text._malloc_trim_r
                0x10008914       0xb8 C:/Users/abina/.pico-sdk/toolchain/14_2_Rel1/bin/../lib/gcc/arm-none-eabi/14.2.1/thumb/v8-m.main+fp/softfp\libg.a(libc_a-freer.o)
                0x10008914                _malloc_trim_r
 .text._free_r  0x100089cc      0x1e8 C:/Users/abina/.pico-sdk/toolchain/14_2_Rel1/bin/../lib/gcc/arm-none-eabi/14.2.1/thumb/v8-m.main+fp/softfp\libg.a(libc_a-freer.o)
                0x100089cc                _free_r
 .text.__malloc_update_mallinfo
                0x10008bb4       0x58 C:/Users/abina/.pico-sdk/toolchain/14_2_Rel1/bin/../lib/gcc/arm-none-eabi/14.2.1/thumb/v8-m.main+fp/softfp\libg.a(libc_a-mallinfor.o)
                0x10008bb4                __malloc_update_mallinfo
 .text._mallinfo_r
                0x10008c0c       0x38 C:/Users/abina/.pico-sdk/toolchain/14_2_Rel1/bin/../lib/gcc/arm-none-eabi/14.2.1/thumb/v8-m.main+fp/softfp\libg.a(libc_a-mallinfor.o)
                0x10008c0c                _mallinfo_r
 *(.fini)
 .fini          0x10008c44        0x4 C:/Users/abina/.pico-sdk/toolchain/14_2_Rel1/bin/../lib/gcc/arm-none-eabi/14.2.1/thumb/v8-m.main+fp/softfp/crti.o
                0x10008c44                _fini
 .fini.__stub   0x10008c48       0x30 linker stubs
 *crtbegin.o(.ctors)
 *crtbegin?.o(.ctors)
 *(EXCLUDE_FILE(*crtend.o *crtend?.o) .ctors)
 *(SORT_BY_NAME(.ctors.*))
 *(.ctors)
 *crtbegin.o(.dtors)
 *crtbegin?.o(.dtors)
 *(EXCLUDE_FILE(*crtend.o *crtend?.o) .dtors)
 *(SORT_BY_NAME(.dtors.*))
 *(.dtors)
                0x10008c78                        . = ALIGN (0x4)
                0x10008c78                        PROVIDE (__preinit_array_start = .)
 *(SORT_BY_NAME(.preinit_array.*))
 .preinit_array.00050
                0x10008c78        0x4 CMakeFiles/REGI-Pico.dir/C_/Users/abina/.pico-sdk/sdk/2.1.1/src/rp2_common/pico_runtime_init/runtime_init.c.obj
                0x10008c78                __pre_init_runtime_init_bootrom_reset
 .preinit_array.00100
                0x10008c7c        0x4 CMakeFiles/REGI-Pico.dir/C_/Users/abina/.pico-sdk/sdk/2.1.1/src/rp2_common/pico_runtime_init/runtime_init.c.obj
                0x10008c7c                __pre_init_runtime_init_early_resets
 .preinit_array.00101
                0x10008c80        0x4 CMakeFiles/REGI-Pico.dir/C_/Users/abina/.pico-sdk/sdk/2.1.1/src/rp2_common/pico_runtime_init/runtime_init.c.obj
                0x10008c80                __pre_init_runtime_init_usb_power_down
 .preinit_array.00500
                0x10008c84        0x4 CMakeFiles/REGI-Pico.dir/C_/Users/abina/.pico-sdk/sdk/2.1.1/src/rp2_common/pico_runtime_init/runtime_init.c.obj
                0x10008c84                __pre_init_runtime_init_clocks
 .preinit_array.00600
                0x10008c88        0x4 CMakeFiles/REGI-Pico.dir/C_/Users/abina/.pico-sdk/sdk/2.1.1/src/rp2_common/pico_runtime_init/runtime_init.c.obj
                0x10008c88                __pre_init_runtime_init_post_clock_resets
 .preinit_array.01000
                0x10008c8c        0x4 CMakeFiles/REGI-Pico.dir/C_/Users/abina/.pico-sdk/sdk/2.1.1/src/rp2_common/hardware_boot_lock/boot_lock.c.obj
                0x10008c8c                __pre_init_runtime_init_boot_locks_reset
 .preinit_array.01000
                0x10008c90        0x4 CMakeFiles/REGI-Pico.dir/C_/Users/abina/.pico-sdk/sdk/2.1.1/src/rp2_common/pico_runtime_init/runtime_init.c.obj
                0x10008c90                __pre_init_runtime_init_spin_locks_reset
 .preinit_array.01010
                0x10008c94        0x4 CMakeFiles/REGI-Pico.dir/C_/Users/abina/.pico-sdk/sdk/2.1.1/src/rp2_common/pico_bootrom/bootrom_lock.c.obj
                0x10008c94                __pre_init_runtime_init_bootrom_locking_enable
 .preinit_array.01100
                0x10008c98        0x4 CMakeFiles/REGI-Pico.dir/C_/Users/abina/.pico-sdk/sdk/2.1.1/src/common/pico_sync/mutex.c.obj
                0x10008c98                __pre_init_runtime_init_mutex
 .preinit_array.10080
                0x10008c9c        0x4 CMakeFiles/REGI-Pico.dir/C_/Users/abina/.pico-sdk/sdk/2.1.1/src/rp2_common/pico_runtime_init/runtime_init.c.obj
                0x10008c9c                __pre_init_runtime_init_install_ram_vector_table
 .preinit_array.11000
                0x10008ca0        0x4 CMakeFiles/REGI-Pico.dir/C_/Users/abina/.pico-sdk/sdk/2.1.1/src/common/pico_time/time.c.obj
                0x10008ca0                __pre_init_runtime_init_default_alarm_pool
 .preinit_array.YYYYY
                0x10008ca4        0x4 CMakeFiles/REGI-Pico.dir/C_/Users/abina/.pico-sdk/sdk/2.1.1/src/rp2_common/pico_runtime/runtime.c.obj
                0x10008ca4                __pre_init_first_per_core_initializer
 .preinit_array.ZZZZZ.00051
                0x10008ca8        0x4 CMakeFiles/REGI-Pico.dir/C_/Users/abina/.pico-sdk/sdk/2.1.1/src/rp2_common/pico_runtime_init/runtime_init.c.obj
                0x10008ca8                __pre_init_runtime_init_per_core_bootrom_reset
 .preinit_array.ZZZZZ.00200
                0x10008cac        0x4 CMakeFiles/REGI-Pico.dir/C_/Users/abina/.pico-sdk/sdk/2.1.1/src/rp2_common/pico_runtime_init/runtime_init.c.obj
                0x10008cac                __pre_init_runtime_init_per_core_enable_coprocessors
 .preinit_array.ZZZZZ.01000
                0x10008cb0        0x4 CMakeFiles/REGI-Pico.dir/C_/Users/abina/.pico-sdk/sdk/2.1.1/src/rp2_common/hardware_sync_spin_lock/sync_spin_lock.c.obj
                0x10008cb0                __pre_init_spinlock_set_extexclall
 .preinit_array.ZZZZZ.01200
                0x10008cb4        0x4 CMakeFiles/REGI-Pico.dir/C_/Users/abina/.pico-sdk/sdk/2.1.1/src/rp2_common/hardware_irq/irq.c.obj
                0x10008cb4                __pre_init_runtime_init_per_core_irq_priorities
 *(.preinit_array)
                0x10008cb8                        PROVIDE (__preinit_array_end = .)
                0x10008cb8                        . = ALIGN (0x4)
                0x10008cb8                        PROVIDE (__init_array_start = .)
 *(SORT_BY_NAME(.init_array.*))
 *(.init_array)
 .init_array    0x10008cb8        0x4 C:/Users/abina/.pico-sdk/toolchain/14_2_Rel1/bin/../lib/gcc/arm-none-eabi/14.2.1/thumb/v8-m.main+fp/softfp/crtbegin.o
 .init_array    0x10008cbc        0x4 CMakeFiles/REGI-Pico.dir/C_/Users/abina/.pico-sdk/sdk/2.1.1/src/rp2_common/pico_unique_id/unique_id.c.obj
                0x10008cc0                        PROVIDE (__init_array_end = .)
                0x10008cc0                        . = ALIGN (0x4)
                [!provide]                        PROVIDE (__fini_array_start = .)
 *(SORT_BY_NAME(.fini_array.*))
 *(.fini_array)
                [!provide]                        PROVIDE (__fini_array_end = .)
 *(.eh_frame*)
 .eh_frame      0x10008cc0        0x0 C:/Users/abina/.pico-sdk/toolchain/14_2_Rel1/bin/../lib/gcc/arm-none-eabi/14.2.1/thumb/v8-m.main+fp/softfp/crtbegin.o
                0x10008cc0                        . = ALIGN (0x4)

.glue_7         0x10008cc0        0x0
 .glue_7        0x10008cc0        0x0 linker stubs

.glue_7t        0x10008cc0        0x0
 .glue_7t       0x10008cc0        0x0 linker stubs

.vfp11_veneer   0x10008cc0        0x0
 .vfp11_veneer  0x10008cc0        0x0 linker stubs

.v4_bx          0x10008cc0        0x0
 .v4_bx         0x10008cc0        0x0 linker stubs

.iplt           0x10008cc0        0x0
 .iplt          0x10008cc0        0x0 C:/Users/abina/.pico-sdk/toolchain/14_2_Rel1/bin/../lib/gcc/arm-none-eabi/14.2.1/thumb/v8-m.main+fp/softfp/crtbegin.o

.boot2          0x10008cc0        0x0
                0x10008cc0                        __boot2_start__ = .
 *(.boot2)
                0x10008cc0                        __boot2_end__ = .
                0x00000001                        ASSERT (((__boot2_end__ - __boot2_start__) <= 0x100), ERROR: Pico second stage bootloader must be no more than 256 bytes in size)

.rodata         0x10008cc0      0xff0
 *(EXCLUDE_FILE(*libm.a: *libc.a:*lib_a-mem*.o *libgcc.a:) .rodata*)
 .rodata.run.str1.4
                0x10008cc0      0x50a CMakeFiles/REGI-Pico.dir/src/game.c.obj
                                  0xf (size before relaxing)
 *fill*         0x100091ca        0x2 
 .rodata.Docs   0x100091cc      0x9c4 CMakeFiles/REGI-Pico.dir/src/game.c.obj
                0x100091cc                Docs
 .rodata.measure_freqs.str1.4
                0x10009b90       0x9f CMakeFiles/REGI-Pico.dir/src/main.c.obj
 .rodata.tinyengine_init_renderer.str1.4
                0x10009b90      0x1ee CMakeFiles/REGI-Pico.dir/src/tinyengine.c.obj
 .rodata.tinyengine_start_loop.str1.4
                0x10009b90       0x23 CMakeFiles/REGI-Pico.dir/src/tinyengine.c.obj
 .rodata.tinyengine_renderer_dvi_init.str1.4
                0x10009b90      0x138 CMakeFiles/REGI-Pico.dir/src/tinyengine_renderer_dvi.c.obj
 .rodata.vactive_line_header_src
                0x10009b90       0x1c CMakeFiles/REGI-Pico.dir/src/tinyengine_renderer_dvi.c.obj
 .rodata.vblank_line_vsync_on_src
                0x10009bac       0x18 CMakeFiles/REGI-Pico.dir/src/tinyengine_renderer_dvi.c.obj
 .rodata.vblank_line_vsync_off_src
                0x10009bc4       0x18 CMakeFiles/REGI-Pico.dir/src/tinyengine_renderer_dvi.c.obj
 .rodata.tinyengine_renderer_ili9488_init.str1.4
                0x10009bdc       0x10 CMakeFiles/REGI-Pico.dir/src/tinyengine_renderer_ili9488.c.obj
 .rodata.tinyengine_renderer_st7735r_init.str1.4
                0x10009bdc       0x10 CMakeFiles/REGI-Pico.dir/src/tinyengine_renderer_st7735r.c.obj
 .rodata.panic.str1.4
                0x10009bdc       0x12 CMakeFiles/REGI-Pico.dir/C_/Users/abina/.pico-sdk/sdk/2.1.1/src/rp2_common/pico_platform_panic/panic.c.obj
 .rodata.timer_hardware_alarm_claim.str1.4
                0x10009bdc       0x22 CMakeFiles/REGI-Pico.dir/C_/Users/abina/.pico-sdk/sdk/2.1.1/src/rp2_common/hardware_timer/timer.c.obj
 .rodata.hard_assertion_failure.str1.4
                0x10009bdc        0xc CMakeFiles/REGI-Pico.dir/C_/Users/abina/.pico-sdk/sdk/2.1.1/src/rp2_common/pico_runtime/runtime.c.obj
 .rodata.__wrap_malloc.str1.4
                0x10009bdc        0xe CMakeFiles/REGI-Pico.dir/C_/Users/abina/.pico-sdk/sdk/2.1.1/src/rp2_common/pico_malloc/malloc.c.obj
 .rodata.str1.4
                0x10009bdc       0x44 CMakeFiles/REGI-Pico.dir/C_/Users/abina/.pico-sdk/sdk/2.1.1/src/rp2_common/pico_standard_binary_info/standard_binary_info.c.obj
 .rodata.__bi_84
                0x10009bdc        0xc CMakeFiles/REGI-Pico.dir/C_/Users/abina/.pico-sdk/sdk/2.1.1/src/rp2_common/pico_standard_binary_info/standard_binary_info.c.obj
 .rodata.__bi_78
                0x10009be8        0xc CMakeFiles/REGI-Pico.dir/C_/Users/abina/.pico-sdk/sdk/2.1.1/src/rp2_common/pico_standard_binary_info/standard_binary_info.c.obj
 .rodata.__bi_60
                0x10009bf4        0xc CMakeFiles/REGI-Pico.dir/C_/Users/abina/.pico-sdk/sdk/2.1.1/src/rp2_common/pico_standard_binary_info/standard_binary_info.c.obj
 .rodata.__bi_54
                0x10009c00        0xc CMakeFiles/REGI-Pico.dir/C_/Users/abina/.pico-sdk/sdk/2.1.1/src/rp2_common/pico_standard_binary_info/standard_binary_info.c.obj
 .rodata.__bi_48
                0x10009c0c        0xc CMakeFiles/REGI-Pico.dir/C_/Users/abina/.pico-sdk/sdk/2.1.1/src/rp2_common/pico_standard_binary_info/standard_binary_info.c.obj
 .rodata.__bi_42
                0x10009c18        0xc CMakeFiles/REGI-Pico.dir/C_/Users/abina/.pico-sdk/sdk/2.1.1/src/rp2_common/pico_standard_binary_info/standard_binary_info.c.obj
 .rodata.__bi_34
                0x10009c24        0xc CMakeFiles/REGI-Pico.dir/C_/Users/abina/.pico-sdk/sdk/2.1.1/src/rp2_common/pico_standard_binary_info/standard_binary_info.c.obj
 .rodata.__bi_26
                0x10009c30        0xc CMakeFiles/REGI-Pico.dir/C_/Users/abina/.pico-sdk/sdk/2.1.1/src/rp2_common/pico_standard_binary_info/standard_binary_info.c.obj
 .rodata._ftoa.str1.4
                0x10009c3c       0x15 CMakeFiles/REGI-Pico.dir/C_/Users/abina/.pico-sdk/sdk/2.1.1/src/rp2_common/pico_printf/printf.c.obj
 *fill*         0x10009c3c        0x4 
 .rodata.pow10.0
                0x10009c40       0x50 CMakeFiles/REGI-Pico.dir/C_/Users/abina/.pico-sdk/sdk/2.1.1/src/rp2_common/pico_printf/printf.c.obj
 .rodata.crlf_str.0
                0x10009c90        0x2 CMakeFiles/REGI-Pico.dir/C_/Users/abina/.pico-sdk/sdk/2.1.1/src/rp2_common/pico_stdio/stdio.c.obj
 .rodata.str1.4
                0x10009c92       0x2c CMakeFiles/REGI-Pico.dir/C_/Users/abina/.pico-sdk/sdk/2.1.1/src/rp2_common/pico_stdio_uart/stdio_uart.c.obj
 *fill*         0x10009c92        0x2 
 .rodata.__bi_45.4
                0x10009c94        0xc CMakeFiles/REGI-Pico.dir/C_/Users/abina/.pico-sdk/sdk/2.1.1/src/rp2_common/pico_stdio_uart/stdio_uart.c.obj
 .rodata.__bi_49.5
                0x10009ca0        0x8 CMakeFiles/REGI-Pico.dir/C_/Users/abina/.pico-sdk/sdk/2.1.1/src/rp2_common/pico_stdio_uart/stdio_uart.c.obj
 .rodata.__bi_50.6
                0x10009ca8        0x8 CMakeFiles/REGI-Pico.dir/C_/Users/abina/.pico-sdk/sdk/2.1.1/src/rp2_common/pico_stdio_uart/stdio_uart.c.obj
 .rodata.dma_channel_claim.str1.4
                0x10009cb0       0x22 CMakeFiles/REGI-Pico.dir/C_/Users/abina/.pico-sdk/sdk/2.1.1/src/rp2_common/hardware_dma/dma.c.obj
 *(.srodata*)
                0x10009cd4                        . = ALIGN (0x4)
 *(SORT_BY_ALIGNMENT(SORT_BY_NAME(.flashdata*)))
                0x10009cd4                        . = ALIGN (0x4)

.ARM.extab
 *(.ARM.extab* .gnu.linkonce.armextab.*)
                0x10009cb0                        __exidx_start = .

.ARM.exidx      0x10009cb0        0x8
 *(.ARM.exidx* .gnu.linkonce.armexidx.*)
 .ARM.exidx     0x10009cb0        0x8 C:/Users/abina/.pico-sdk/toolchain/14_2_Rel1/bin/../lib/gcc/arm-none-eabi/14.2.1/thumb/v8-m.main+fp/softfp\libg.a(libc_a-memcpy.o)
 .ARM.exidx.text.__udivmoddi4
                0x10009cb8        0x0 C:/Users/abina/.pico-sdk/toolchain/14_2_Rel1/bin/../lib/gcc/arm-none-eabi/14.2.1/thumb/v8-m.main+fp/softfp\libgcc.a(_udivmoddi4.o)
                                  0x8 (size before relaxing)
                0x10009cb8                        __exidx_end = .
                0x10009cb8                        . = ALIGN (0x4)
                0x10009cb8                        __binary_info_start = .

.binary_info    0x10009cb8       0x2c
 *(.binary_info.keep.*)
 .binary_info.keep.__bi_ptr84
                0x10009cb8        0x4 CMakeFiles/REGI-Pico.dir/C_/Users/abina/.pico-sdk/sdk/2.1.1/src/rp2_common/pico_standard_binary_info/standard_binary_info.c.obj
 .binary_info.keep.__bi_ptr78
                0x10009cbc        0x4 CMakeFiles/REGI-Pico.dir/C_/Users/abina/.pico-sdk/sdk/2.1.1/src/rp2_common/pico_standard_binary_info/standard_binary_info.c.obj
 .binary_info.keep.__bi_ptr60
                0x10009cc0        0x4 CMakeFiles/REGI-Pico.dir/C_/Users/abina/.pico-sdk/sdk/2.1.1/src/rp2_common/pico_standard_binary_info/standard_binary_info.c.obj
 .binary_info.keep.__bi_ptr54
                0x10009cc4        0x4 CMakeFiles/REGI-Pico.dir/C_/Users/abina/.pico-sdk/sdk/2.1.1/src/rp2_common/pico_standard_binary_info/standard_binary_info.c.obj
 .binary_info.keep.__bi_ptr48
                0x10009cc8        0x4 CMakeFiles/REGI-Pico.dir/C_/Users/abina/.pico-sdk/sdk/2.1.1/src/rp2_common/pico_standard_binary_info/standard_binary_info.c.obj
 .binary_info.keep.__bi_ptr42
                0x10009ccc        0x4 CMakeFiles/REGI-Pico.dir/C_/Users/abina/.pico-sdk/sdk/2.1.1/src/rp2_common/pico_standard_binary_info/standard_binary_info.c.obj
 .binary_info.keep.__bi_ptr34
                0x10009cd0        0x4 CMakeFiles/REGI-Pico.dir/C_/Users/abina/.pico-sdk/sdk/2.1.1/src/rp2_common/pico_standard_binary_info/standard_binary_info.c.obj
 .binary_info.keep.__bi_ptr26
                0x10009cd4        0x4 CMakeFiles/REGI-Pico.dir/C_/Users/abina/.pico-sdk/sdk/2.1.1/src/rp2_common/pico_standard_binary_info/standard_binary_info.c.obj
 *(.binary_info.*)
 .binary_info.__bi_ptr50
                0x10009cd8        0x4 CMakeFiles/REGI-Pico.dir/C_/Users/abina/.pico-sdk/sdk/2.1.1/src/rp2_common/pico_stdio_uart/stdio_uart.c.obj
 .binary_info.__bi_ptr49
                0x10009cdc        0x4 CMakeFiles/REGI-Pico.dir/C_/Users/abina/.pico-sdk/sdk/2.1.1/src/rp2_common/pico_stdio_uart/stdio_uart.c.obj
 .binary_info.__bi_ptr45
                0x10009ce0        0x4 CMakeFiles/REGI-Pico.dir/C_/Users/abina/.pico-sdk/sdk/2.1.1/src/rp2_common/pico_stdio_uart/stdio_uart.c.obj
                0x10009ce4                        __binary_info_end = .
                0x10009ce4                        . = ALIGN (0x4)

.ram_vector_table
                0x20000000      0x110
 *(.ram_vector_table)
 .ram_vector_table
                0x20000000      0x110 CMakeFiles/REGI-Pico.dir/C_/Users/abina/.pico-sdk/sdk/2.1.1/src/rp2_common/pico_runtime_init/runtime_init.c.obj
                0x20000000                ram_vector_table

.uninitialized_data
                0x20000110       0x10
                0x20000110                        . = ALIGN (0x4)
 *(.uninitialized_data*)
 .uninitialized_data.rng_state
                0x20000110       0x10 CMakeFiles/REGI-Pico.dir/C_/Users/abina/.pico-sdk/sdk/2.1.1/src/rp2_common/pico_rand/rand.c.obj

.data           0x20000120      0xd38 load address 0x10009ce4
                0x20000120                        __data_start__ = .
 *(vtable)
 *(.time_critical*)
 .time_critical.dma_irq_handler()
                0x20000120      0x10c CMakeFiles/REGI-Pico.dir/src/tinyengine_renderer_dvi.c.obj
                0x20000120                dma_irq_handler
 .time_critical.mutex_enter_blocking
                0x2000022c       0x80 CMakeFiles/REGI-Pico.dir/C_/Users/abina/.pico-sdk/sdk/2.1.1/src/common/pico_sync/mutex.c.obj
                0x2000022c                mutex_enter_blocking
 .time_critical.mutex_enter_block_until
                0x200002ac       0x6c CMakeFiles/REGI-Pico.dir/C_/Users/abina/.pico-sdk/sdk/2.1.1/src/common/pico_sync/mutex.c.obj
                0x200002ac                mutex_enter_block_until
 .time_critical.mutex_try_enter_block_until
                0x20000318       0x68 CMakeFiles/REGI-Pico.dir/C_/Users/abina/.pico-sdk/sdk/2.1.1/src/common/pico_sync/mutex.c.obj
                0x20000318                mutex_try_enter_block_until
 .time_critical.mutex_exit
                0x20000380       0x3c CMakeFiles/REGI-Pico.dir/C_/Users/abina/.pico-sdk/sdk/2.1.1/src/common/pico_sync/mutex.c.obj
                0x20000380                mutex_exit
 .time_critical.spi_write_read_blocking
                0x200003bc       0x90 CMakeFiles/REGI-Pico.dir/C_/Users/abina/.pico-sdk/sdk/2.1.1/src/rp2_common/hardware_spi/spi.c.obj
                0x200003bc                spi_write_read_blocking
 .time_critical.spi_write_blocking
                0x2000044c       0x90 CMakeFiles/REGI-Pico.dir/C_/Users/abina/.pico-sdk/sdk/2.1.1/src/rp2_common/hardware_spi/spi.c.obj
                0x2000044c                spi_write_blocking
 *(.text*)
 .text          0x200004dc       0x30 C:/Users/abina/.pico-sdk/toolchain/14_2_Rel1/bin/../lib/gcc/arm-none-eabi/14.2.1/thumb/v8-m.main+fp/softfp\libgcc.a(_aeabi_uldivmod.o)
                0x200004dc                __aeabi_uldivmod
 .text.__udivmoddi4
                0x2000050c      0x34c C:/Users/abina/.pico-sdk/toolchain/14_2_Rel1/bin/../lib/gcc/arm-none-eabi/14.2.1/thumb/v8-m.main+fp/softfp\libgcc.a(_udivmoddi4.o)
                0x2000050c                __udivmoddi4
 .text          0x20000858        0x4 C:/Users/abina/.pico-sdk/toolchain/14_2_Rel1/bin/../lib/gcc/arm-none-eabi/14.2.1/thumb/v8-m.main+fp/softfp\libgcc.a(_dvmd_tls.o)
                0x20000858                __aeabi_idiv0
                0x20000858                __aeabi_ldiv0
 *fill*         0x2000085c        0x4 
 .text.__stub   0x20000860        0x8 linker stubs
                0x20000868                        . = ALIGN (0x4)
 *(.rodata*)
                0x20000868                        . = ALIGN (0x4)
 *(.data*)
 .data.v_scanline
                0x20000868        0x4 CMakeFiles/REGI-Pico.dir/src/tinyengine_renderer_dvi.c.obj
 .data.line_num
                0x2000086c        0x4 CMakeFiles/REGI-Pico.dir/src/tinyengine_renderer_dvi.c.obj
 .data.striped_spin_lock_num
                0x20000870        0x1 CMakeFiles/REGI-Pico.dir/C_/Users/abina/.pico-sdk/sdk/2.1.1/src/rp2_common/hardware_sync/sync.c.obj
 *fill*         0x20000871        0x3 
 .data          0x20000874       0x48 CMakeFiles/REGI-Pico.dir/C_/Users/abina/.pico-sdk/sdk/2.1.1/src/rp2_common/hardware_irq/irq_handler_chain.S.obj
                0x20000874                irq_handler_chain_slots
                0x200008a4                irq_handler_chain_first_slot
                0x200008ae                irq_handler_chain_remove_tail
 .data.default_alarm_pool
                0x200008bc       0x18 CMakeFiles/REGI-Pico.dir/C_/Users/abina/.pico-sdk/sdk/2.1.1/src/common/pico_time/time.c.obj
 .data.stdio_uart
                0x200008d4       0x18 CMakeFiles/REGI-Pico.dir/C_/Users/abina/.pico-sdk/sdk/2.1.1/src/rp2_common/pico_stdio_uart/stdio_uart.c.obj
                0x200008d4                stdio_uart
 .data.tft_height
                0x200008ec        0x1 lib/st7735/libst7735.a(ST7735_TFT.c.obj)
                0x200008ec                tft_height
 .data.tft_width
                0x200008ed        0x1 lib/st7735/libst7735.a(ST7735_TFT.c.obj)
                0x200008ed                tft_width
 *fill*         0x200008ee        0x2 
 .data.__malloc_sbrk_base
                0x200008f0        0x4 C:/Users/abina/.pico-sdk/toolchain/14_2_Rel1/bin/../lib/gcc/arm-none-eabi/14.2.1/thumb/v8-m.main+fp/softfp\libg.a(libc_a-mallocr.o)
                0x200008f0                __malloc_sbrk_base
 .data.__malloc_trim_threshold
                0x200008f4        0x4 C:/Users/abina/.pico-sdk/toolchain/14_2_Rel1/bin/../lib/gcc/arm-none-eabi/14.2.1/thumb/v8-m.main+fp/softfp\libg.a(libc_a-mallocr.o)
                0x200008f4                __malloc_trim_threshold
 *fill*         0x200008f8        0x0 
 .data.__malloc_av_
                0x200008f8      0x408 C:/Users/abina/.pico-sdk/toolchain/14_2_Rel1/bin/../lib/gcc/arm-none-eabi/14.2.1/thumb/v8-m.main+fp/softfp\libg.a(libc_a-mallocr.o)
                0x200008f8                __malloc_av_
 .data._impure_ptr
                0x20000d00        0x4 C:/Users/abina/.pico-sdk/toolchain/14_2_Rel1/bin/../lib/gcc/arm-none-eabi/14.2.1/thumb/v8-m.main+fp/softfp\libg.a(libc_a-impure.o)
                0x20000d00                _impure_ptr
 *fill*         0x20000d04        0x4 
 .data._impure_data
                0x20000d08      0x140 C:/Users/abina/.pico-sdk/toolchain/14_2_Rel1/bin/../lib/gcc/arm-none-eabi/14.2.1/thumb/v8-m.main+fp/softfp\libg.a(libc_a-impure.o)
                0x20000d08                _impure_data
 *(.sdata*)
                0x20000e48                        . = ALIGN (0x4)
 *(.after_data.*)
                0x20000e48                        . = ALIGN (0x4)
                0x20000e48                        PROVIDE (__mutex_array_start = .)
 *(SORT_BY_NAME(.mutex_array.*))
 *(.mutex_array)
 .mutex_array   0x20000e48        0x8 CMakeFiles/REGI-Pico.dir/C_/Users/abina/.pico-sdk/sdk/2.1.1/src/rp2_common/pico_malloc/malloc.c.obj
 .mutex_array   0x20000e50        0x8 CMakeFiles/REGI-Pico.dir/C_/Users/abina/.pico-sdk/sdk/2.1.1/src/rp2_common/pico_stdio/stdio.c.obj
                0x20000e58                        PROVIDE (__mutex_array_end = .)
 *(.jcr)
                0x20000e58                        . = ALIGN (0x4)

.tm_clone_table
                0x20000e58        0x0 load address 0x1000aa1c
 .tm_clone_table
                0x20000e58        0x0 C:/Users/abina/.pico-sdk/toolchain/14_2_Rel1/bin/../lib/gcc/arm-none-eabi/14.2.1/thumb/v8-m.main+fp/softfp/crtbegin.o
 .tm_clone_table
                0x20000e58        0x0 C:/Users/abina/.pico-sdk/toolchain/14_2_Rel1/bin/../lib/gcc/arm-none-eabi/14.2.1/thumb/v8-m.main+fp/softfp/crtend.o

.igot.plt       0x20000e58        0x0 load address 0x1000aa1c
 .igot.plt      0x20000e58        0x0 C:/Users/abina/.pico-sdk/toolchain/14_2_Rel1/bin/../lib/gcc/arm-none-eabi/14.2.1/thumb/v8-m.main+fp/softfp/crtbegin.o

.tdata          0x20000e58        0x0 load address 0x1000aa1c
                0x20000e58                        . = ALIGN (0x4)
 *(.tdata .tdata.* .gnu.linkonce.td.*)
                0x20000e58                        __tdata_end = .
                0x20000e58                        PROVIDE (__data_end__ = .)
                0x10009ce4                        __etext = LOADADDR (.data)

.tbss           0x20000e58        0x0 load address 0x1000aa1c
                0x20000e58                        . = ALIGN (0x4)
                0x20000e58                        __bss_start__ = .
                0x20000e58                        __tls_base = .
 *(.tbss .tbss.* .gnu.linkonce.tb.*)
 *(.tcommon)
                0x20000e58                        __tls_end = .

.bss            0x20000e58     0x12cc load address 0x1000aa1c
                0x20000e58                        . = ALIGN (0x4)
                0x20000e58                        __tbss_end = .
 *(SORT_BY_ALIGNMENT(SORT_BY_NAME(.bss*)))
 .bss.balls     0x20000e58      0x960 CMakeFiles/REGI-Pico.dir/src/game.c.obj
                0x20000e58                balls
 .bss.default_alarm_pool_entries
                0x200017b8      0x180 CMakeFiles/REGI-Pico.dir/C_/Users/abina/.pico-sdk/sdk/2.1.1/src/common/pico_time/time.c.obj
 .bss.__lock___malloc_recursive_mutex
                0x20001938        0x1 C:/Users/abina/.pico-sdk/toolchain/14_2_Rel1/bin/../lib/gcc/arm-none-eabi/14.2.1/thumb/v8-m.main+fp/softfp\libg.a(libc_a-lock.o)
                0x20001938                __lock___malloc_recursive_mutex
 *fill*         0x20001939        0x3 
 .bss.__malloc_current_mallinfo
                0x2000193c       0x28 C:/Users/abina/.pico-sdk/toolchain/14_2_Rel1/bin/../lib/gcc/arm-none-eabi/14.2.1/thumb/v8-m.main+fp/softfp\libg.a(libc_a-mallocr.o)
                0x2000193c                __malloc_current_mallinfo
 .bss.__malloc_max_sbrked_mem
                0x20001964        0x4 C:/Users/abina/.pico-sdk/toolchain/14_2_Rel1/bin/../lib/gcc/arm-none-eabi/14.2.1/thumb/v8-m.main+fp/softfp\libg.a(libc_a-mallocr.o)
                0x20001964                __malloc_max_sbrked_mem
 .bss.__malloc_max_total_mem
                0x20001968        0x4 C:/Users/abina/.pico-sdk/toolchain/14_2_Rel1/bin/../lib/gcc/arm-none-eabi/14.2.1/thumb/v8-m.main+fp/softfp\libg.a(libc_a-mallocr.o)
                0x20001968                __malloc_max_total_mem
 .bss.__malloc_top_pad
                0x2000196c        0x4 C:/Users/abina/.pico-sdk/toolchain/14_2_Rel1/bin/../lib/gcc/arm-none-eabi/14.2.1/thumb/v8-m.main+fp/softfp\libg.a(libc_a-mallocr.o)
                0x2000196c                __malloc_top_pad
 .bss.__sf      0x20001970      0x138 C:/Users/abina/.pico-sdk/toolchain/14_2_Rel1/bin/../lib/gcc/arm-none-eabi/14.2.1/thumb/v8-m.main+fp/softfp\libg.a(libc_a-findfp.o)
                0x20001970                __sf
 .bss._sw_spin_locks
                0x20001aa8       0x20 CMakeFiles/REGI-Pico.dir/C_/Users/abina/.pico-sdk/sdk/2.1.1/src/rp2_common/hardware_sync_spin_lock/sync_spin_lock.c.obj
                0x20001aa8                _sw_spin_locks
 .bss.ch_num    0x20001ac8        0x4 CMakeFiles/REGI-Pico.dir/src/tinyengine_renderer_dvi.c.obj
 .bss.chars_available_callback
                0x20001acc        0x4 CMakeFiles/REGI-Pico.dir/C_/Users/abina/.pico-sdk/sdk/2.1.1/src/rp2_common/pico_stdio_uart/stdio_uart.c.obj
 .bss.chars_available_param
                0x20001ad0        0x4 CMakeFiles/REGI-Pico.dir/C_/Users/abina/.pico-sdk/sdk/2.1.1/src/rp2_common/pico_stdio_uart/stdio_uart.c.obj
 .bss.claimed   0x20001ad4        0x2 CMakeFiles/REGI-Pico.dir/C_/Users/abina/.pico-sdk/sdk/2.1.1/src/rp2_common/hardware_timer/timer.c.obj
 *fill*         0x20001ad6        0x2 
 .bss.configured_freq
                0x20001ad8       0x28 CMakeFiles/REGI-Pico.dir/C_/Users/abina/.pico-sdk/sdk/2.1.1/src/rp2_common/hardware_clocks/clocks.c.obj
 .bss.display_palette
                0x20001b00      0x400 CMakeFiles/REGI-Pico.dir/src/tinyengine_renderer_dvi.c.obj
 .bss.drivers   0x20001f00        0x4 CMakeFiles/REGI-Pico.dir/C_/Users/abina/.pico-sdk/sdk/2.1.1/src/rp2_common/pico_stdio/stdio.c.obj
 .bss.engine    0x20001f04       0x38 CMakeFiles/REGI-Pico.dir/src/game.c.obj
                0x20001f04                engine
 .bss.errno     0x20001f3c        0x4 C:/Users/abina/.pico-sdk/toolchain/14_2_Rel1/bin/../lib/gcc/arm-none-eabi/14.2.1/thumb/v8-m.main+fp/softfp\libg.a(libc_a-reent.o)
                0x20001f3c                errno
 .bss.filter    0x20001f40        0x4 CMakeFiles/REGI-Pico.dir/C_/Users/abina/.pico-sdk/sdk/2.1.1/src/rp2_common/pico_stdio/stdio.c.obj
 .bss.frame_buf
                0x20001f44       0x1c CMakeFiles/REGI-Pico.dir/src/game.c.obj
                0x20001f44                frame_buf
 .bss.frame_buffer_display
                0x20001f60        0x4 CMakeFiles/REGI-Pico.dir/src/tinyengine_renderer_dvi.c.obj
 .bss.heap_end.0
                0x20001f64        0x4 CMakeFiles/REGI-Pico.dir/C_/Users/abina/.pico-sdk/sdk/2.1.1/src/rp2_common/pico_clib_interface/newlib_interface.c.obj
 .bss.lazy_vsnprintf
                0x20001f68        0x4 CMakeFiles/REGI-Pico.dir/C_/Users/abina/.pico-sdk/sdk/2.1.1/src/rp2_common/pico_printf/printf.c.obj
 .bss.line_buffers
                0x20001f6c        0x4 CMakeFiles/REGI-Pico.dir/src/tinyengine_renderer_dvi.c.obj
 .bss.line_bytes_per_pixel
                0x20001f70        0x4 CMakeFiles/REGI-Pico.dir/src/tinyengine_renderer_dvi.c.obj
 .bss.object.0  0x20001f74       0x18 C:/Users/abina/.pico-sdk/toolchain/14_2_Rel1/bin/../lib/gcc/arm-none-eabi/14.2.1/thumb/v8-m.main+fp/softfp/crtbegin.o
 .bss.pools     0x20001f8c       0x20 CMakeFiles/REGI-Pico.dir/C_/Users/abina/.pico-sdk/sdk/2.1.1/src/common/pico_time/time.c.obj
 .bss.retrieved_id
                0x20001fac        0x8 CMakeFiles/REGI-Pico.dir/C_/Users/abina/.pico-sdk/sdk/2.1.1/src/rp2_common/pico_unique_id/unique_id.c.obj
 .bss.sLCD_DIS  0x20001fb4        0xa lib/lcd/liblcd.a(LCD_Driver.c.obj)
                0x20001fb4                sLCD_DIS
 *fill*         0x20001fbe        0x2 
 .bss.sleep_notifier
                0x20001fc0        0x4 CMakeFiles/REGI-Pico.dir/C_/Users/abina/.pico-sdk/sdk/2.1.1/src/common/pico_time/time.c.obj
 .bss.sprite_jockey
                0x20001fc4       0x14 CMakeFiles/REGI-Pico.dir/src/game.c.obj
                0x20001fc4                sprite_jockey
 .bss.trng_sample_words
                0x20001fd8       0x18 CMakeFiles/REGI-Pico.dir/C_/Users/abina/.pico-sdk/sdk/2.1.1/src/rp2_common/pico_rand/rand.c.obj
                0x20001fd8                trng_sample_words
 .bss.uart_char_to_line_feed
                0x20001ff0        0x4 CMakeFiles/REGI-Pico.dir/C_/Users/abina/.pico-sdk/sdk/2.1.1/src/rp2_common/hardware_uart/uart.c.obj
                0x20001ff0                uart_char_to_line_feed
 .bss.uart_instance
                0x20001ff4        0x4 CMakeFiles/REGI-Pico.dir/C_/Users/abina/.pico-sdk/sdk/2.1.1/src/rp2_common/pico_stdio_uart/stdio_uart.c.obj
 .bss.v_inactive_total
                0x20001ff8        0x4 CMakeFiles/REGI-Pico.dir/src/tinyengine_renderer_dvi.c.obj
 .bss.v_total_active_lines
                0x20001ffc        0x4 CMakeFiles/REGI-Pico.dir/src/tinyengine_renderer_dvi.c.obj
 .bss.vactive_line_header
                0x20002000       0x1c CMakeFiles/REGI-Pico.dir/src/tinyengine_renderer_dvi.c.obj
 .bss.vblank_line_vsync_off
                0x2000201c       0x18 CMakeFiles/REGI-Pico.dir/src/tinyengine_renderer_dvi.c.obj
 .bss.vblank_line_vsync_on
                0x20002034       0x18 CMakeFiles/REGI-Pico.dir/src/tinyengine_renderer_dvi.c.obj
 .bss.xs        0x2000204c       0x64 CMakeFiles/REGI-Pico.dir/src/game.c.obj
                0x2000204c                xs
 .bss.ys        0x200020b0       0x64 CMakeFiles/REGI-Pico.dir/src/game.c.obj
                0x200020b0                ys
 .bss._claimed  0x20002114        0x2 CMakeFiles/REGI-Pico.dir/C_/Users/abina/.pico-sdk/sdk/2.1.1/src/rp2_common/hardware_dma/dma.c.obj
 .bss._colstart
                0x20002116        0x1 lib/st7735/libst7735.a(ST7735_TFT.c.obj)
                0x20002116                _colstart
 .bss._rotation
                0x20002117        0x1 lib/st7735/libst7735.a(ST7735_TFT.c.obj)
                0x20002117                _rotation
 .bss._rowstart
                0x20002118        0x1 lib/st7735/libst7735.a(ST7735_TFT.c.obj)
                0x20002118                _rowstart
 .bss._tft_type
                0x20002119        0x1 lib/st7735/libst7735.a(ST7735_TFT.c.obj)
                0x20002119                _tft_type
 .bss._xstart   0x2000211a        0x1 lib/st7735/libst7735.a(ST7735_TFT.c.obj)
                0x2000211a                _xstart
 .bss._ystart   0x2000211b        0x1 lib/st7735/libst7735.a(ST7735_TFT.c.obj)
                0x2000211b                _ystart
 .bss.check_byte.0
                0x2000211c        0x1 CMakeFiles/REGI-Pico.dir/C_/Users/abina/.pico-sdk/sdk/2.1.1/src/rp2_common/pico_rand/rand.c.obj
 .bss.flip_next
                0x2000211d        0x1 CMakeFiles/REGI-Pico.dir/src/tinyengine_renderer_dvi.c.obj
 .bss.id        0x2000211e        0x1 lib/lcd/liblcd.a(LCD_Driver.c.obj)
                0x2000211e                id
 .bss.irq_handler_chain_free_slot_head
                0x2000211f        0x1 CMakeFiles/REGI-Pico.dir/C_/Users/abina/.pico-sdk/sdk/2.1.1/src/rp2_common/hardware_irq/irq.c.obj
 .bss.rng_initialised
                0x20002120        0x1 CMakeFiles/REGI-Pico.dir/C_/Users/abina/.pico-sdk/sdk/2.1.1/src/rp2_common/pico_rand/rand.c.obj
 .bss.trng_sample_word_count
                0x20002121        0x1 CMakeFiles/REGI-Pico.dir/C_/Users/abina/.pico-sdk/sdk/2.1.1/src/rp2_common/pico_rand/rand.c.obj
                0x20002121                trng_sample_word_count
 *(COMMON)
                [!provide]                        PROVIDE (__global_pointer$ = (. + 0x800))
 *(.sbss*)
                0x20002124                        . = ALIGN (0x4)
 *fill*         0x20002122        0x2 
                0x20002124                        __bss_end__ = .

.heap           0x20002124      0x800 load address 0x1000aa1c
                0x20002124                        __end__ = .
                0x20002124                        end = __end__
 *(.heap*)
 .heap          0x20002124      0x800 CMakeFiles/REGI-Pico.dir/C_/Users/abina/.pico-sdk/sdk/2.1.1/src/rp2_common/pico_crt0/crt0.S.obj
                0x20080000                        __HeapLimit = (ORIGIN (RAM) + LENGTH (RAM))

.scratch_x      0x20080000        0x0 load address 0x1000aa1c
                0x20080000                        __scratch_x_start__ = .
 *(.scratch_x.*)
                0x20080000                        . = ALIGN (0x4)
                0x20080000                        __scratch_x_end__ = .
                0x1000aa1c                        __scratch_x_source__ = LOADADDR (.scratch_x)

.scratch_y      0x20081000        0x0 load address 0x1000aa1c
                0x20081000                        __scratch_y_start__ = .
 *(.scratch_y.*)
                0x20081000                        . = ALIGN (0x4)
                0x20081000                        __scratch_y_end__ = .
                0x1000aa1c                        __scratch_y_source__ = LOADADDR (.scratch_y)

.stack1_dummy   0x20080000      0x800
 *(.stack1*)
 .stack1        0x20080000      0x800 CMakeFiles/REGI-Pico.dir/C_/Users/abina/.pico-sdk/sdk/2.1.1/src/rp2_common/pico_multicore/multicore.c.obj

.stack_dummy    0x20081000      0x800
 *(.stack*)
 .stack         0x20081000      0x800 CMakeFiles/REGI-Pico.dir/C_/Users/abina/.pico-sdk/sdk/2.1.1/src/rp2_common/pico_crt0/crt0.S.obj

.flash_end      0x1000aa1c       0x14
 *(.embedded_end_block*)
 .embedded_end_block
                0x1000aa1c       0x14 CMakeFiles/REGI-Pico.dir/C_/Users/abina/.pico-sdk/sdk/2.1.1/src/rp2_common/pico_crt0/crt0.S.obj
                0x1000aa30                        PROVIDE (__flash_binary_end = .)
                0x20080000                        __StackLimit = (ORIGIN (RAM) + LENGTH (RAM))
                0x20081000                        __StackOneTop = (ORIGIN (SCRATCH_X) + LENGTH (SCRATCH_X))
                0x20082000                        __StackTop = (ORIGIN (SCRATCH_Y) + LENGTH (SCRATCH_Y))
                0x20080800                        __StackOneBottom = (__StackOneTop - SIZEOF (.stack1_dummy))
                0x20081800                        __StackBottom = (__StackTop - SIZEOF (.stack_dummy))
                0x20082000                        PROVIDE (__stack = __StackTop)
                [!provide]                        PROVIDE (__heap_start = __end__)
                [!provide]                        PROVIDE (__heap_end = __HeapLimit)
                [!provide]                        PROVIDE (__tls_align = MAX (ALIGNOF (.tdata), ALIGNOF (.tbss)))
                [!provide]                        PROVIDE (__tls_size_align = (((__tls_size + __tls_align) - 0x1) & ~ ((__tls_align - 0x1))))
                [!provide]                        PROVIDE (__arm32_tls_tcb_offset = MAX (0x8, __tls_align))
                [!provide]                        PROVIDE (_end = __end__)
                [!provide]                        PROVIDE (__llvm_libc_heap_limit = __HeapLimit)
                0x00000001                        ASSERT ((__StackLimit >= __HeapLimit), region RAM overflowed)
                0x00000001                        ASSERT (((__binary_info_header_end - __logical_binary_start) <= 0x400), Binary info must be in first 1024 bytes of the binary)
                0x00000001                        ASSERT (((__embedded_block_end - __logical_binary_start) <= 0x1000), Embedded block must be in first 4096 bytes of the binary)
LOAD CMakeFiles/REGI-Pico.dir/src/game.c.obj
LOAD CMakeFiles/REGI-Pico.dir/src/main.c.obj
LOAD CMakeFiles/REGI-Pico.dir/src/tinyengine.c.obj
LOAD CMakeFiles/REGI-Pico.dir/src/tinyengine_framebuffer.c.obj
LOAD CMakeFiles/REGI-Pico.dir/src/tinyengine_renderer_dvi.c.obj
LOAD CMakeFiles/REGI-Pico.dir/src/tinyengine_renderer_ili9488.c.obj
LOAD CMakeFiles/REGI-Pico.dir/src/tinyengine_renderer_st7735r.c.obj
LOAD CMakeFiles/REGI-Pico.dir/C_/Users/abina/.pico-sdk/sdk/2.1.1/src/rp2_common/pico_stdlib/stdlib.c.obj
LOAD CMakeFiles/REGI-Pico.dir/C_/Users/abina/.pico-sdk/sdk/2.1.1/src/rp2_common/hardware_gpio/gpio.c.obj
LOAD CMakeFiles/REGI-Pico.dir/C_/Users/abina/.pico-sdk/sdk/2.1.1/src/rp2350/pico_platform/platform.c.obj
LOAD CMakeFiles/REGI-Pico.dir/C_/Users/abina/.pico-sdk/sdk/2.1.1/src/rp2_common/pico_platform_panic/panic.c.obj
LOAD CMakeFiles/REGI-Pico.dir/C_/Users/abina/.pico-sdk/sdk/2.1.1/src/common/hardware_claim/claim.c.obj
LOAD CMakeFiles/REGI-Pico.dir/C_/Users/abina/.pico-sdk/sdk/2.1.1/src/rp2_common/hardware_sync/sync.c.obj
LOAD CMakeFiles/REGI-Pico.dir/C_/Users/abina/.pico-sdk/sdk/2.1.1/src/rp2_common/hardware_sync_spin_lock/sync_spin_lock.c.obj
LOAD CMakeFiles/REGI-Pico.dir/C_/Users/abina/.pico-sdk/sdk/2.1.1/src/rp2_common/hardware_irq/irq.c.obj
LOAD CMakeFiles/REGI-Pico.dir/C_/Users/abina/.pico-sdk/sdk/2.1.1/src/rp2_common/hardware_irq/irq_handler_chain.S.obj
LOAD CMakeFiles/REGI-Pico.dir/C_/Users/abina/.pico-sdk/sdk/2.1.1/src/common/pico_sync/sem.c.obj
LOAD CMakeFiles/REGI-Pico.dir/C_/Users/abina/.pico-sdk/sdk/2.1.1/src/common/pico_sync/lock_core.c.obj
LOAD CMakeFiles/REGI-Pico.dir/C_/Users/abina/.pico-sdk/sdk/2.1.1/src/common/pico_sync/mutex.c.obj
LOAD CMakeFiles/REGI-Pico.dir/C_/Users/abina/.pico-sdk/sdk/2.1.1/src/common/pico_sync/critical_section.c.obj
LOAD CMakeFiles/REGI-Pico.dir/C_/Users/abina/.pico-sdk/sdk/2.1.1/src/common/pico_time/time.c.obj
LOAD CMakeFiles/REGI-Pico.dir/C_/Users/abina/.pico-sdk/sdk/2.1.1/src/common/pico_time/timeout_helper.c.obj
LOAD CMakeFiles/REGI-Pico.dir/C_/Users/abina/.pico-sdk/sdk/2.1.1/src/rp2_common/hardware_timer/timer.c.obj
LOAD CMakeFiles/REGI-Pico.dir/C_/Users/abina/.pico-sdk/sdk/2.1.1/src/common/pico_util/datetime.c.obj
LOAD CMakeFiles/REGI-Pico.dir/C_/Users/abina/.pico-sdk/sdk/2.1.1/src/common/pico_util/pheap.c.obj
LOAD CMakeFiles/REGI-Pico.dir/C_/Users/abina/.pico-sdk/sdk/2.1.1/src/common/pico_util/queue.c.obj
LOAD CMakeFiles/REGI-Pico.dir/C_/Users/abina/.pico-sdk/sdk/2.1.1/src/rp2_common/hardware_uart/uart.c.obj
LOAD CMakeFiles/REGI-Pico.dir/C_/Users/abina/.pico-sdk/sdk/2.1.1/src/rp2_common/hardware_clocks/clocks.c.obj
LOAD CMakeFiles/REGI-Pico.dir/C_/Users/abina/.pico-sdk/sdk/2.1.1/src/rp2_common/hardware_pll/pll.c.obj
LOAD CMakeFiles/REGI-Pico.dir/C_/Users/abina/.pico-sdk/sdk/2.1.1/src/rp2_common/hardware_vreg/vreg.c.obj
LOAD CMakeFiles/REGI-Pico.dir/C_/Users/abina/.pico-sdk/sdk/2.1.1/src/rp2_common/hardware_watchdog/watchdog.c.obj
LOAD CMakeFiles/REGI-Pico.dir/C_/Users/abina/.pico-sdk/sdk/2.1.1/src/rp2_common/hardware_ticks/ticks.c.obj
LOAD CMakeFiles/REGI-Pico.dir/C_/Users/abina/.pico-sdk/sdk/2.1.1/src/rp2_common/pico_bootrom/bootrom.c.obj
LOAD CMakeFiles/REGI-Pico.dir/C_/Users/abina/.pico-sdk/sdk/2.1.1/src/rp2_common/pico_bootrom/bootrom_lock.c.obj
LOAD CMakeFiles/REGI-Pico.dir/C_/Users/abina/.pico-sdk/sdk/2.1.1/src/rp2_common/hardware_boot_lock/boot_lock.c.obj
LOAD CMakeFiles/REGI-Pico.dir/C_/Users/abina/.pico-sdk/sdk/2.1.1/src/rp2_common/pico_flash/flash.c.obj
LOAD CMakeFiles/REGI-Pico.dir/C_/Users/abina/.pico-sdk/sdk/2.1.1/src/rp2_common/hardware_xosc/xosc.c.obj
LOAD CMakeFiles/REGI-Pico.dir/C_/Users/abina/.pico-sdk/sdk/2.1.1/src/rp2_common/hardware_divider/divider.c.obj
LOAD CMakeFiles/REGI-Pico.dir/C_/Users/abina/.pico-sdk/sdk/2.1.1/src/rp2_common/pico_runtime/runtime.c.obj
LOAD CMakeFiles/REGI-Pico.dir/C_/Users/abina/.pico-sdk/sdk/2.1.1/src/rp2_common/pico_runtime_init/runtime_init.c.obj
LOAD CMakeFiles/REGI-Pico.dir/C_/Users/abina/.pico-sdk/sdk/2.1.1/src/rp2_common/pico_runtime_init/runtime_init_clocks.c.obj
LOAD CMakeFiles/REGI-Pico.dir/C_/Users/abina/.pico-sdk/sdk/2.1.1/src/rp2_common/pico_runtime_init/runtime_init_stack_guard.c.obj
LOAD CMakeFiles/REGI-Pico.dir/C_/Users/abina/.pico-sdk/sdk/2.1.1/src/rp2_common/pico_bit_ops/bit_ops_aeabi.S.obj
LOAD CMakeFiles/REGI-Pico.dir/C_/Users/abina/.pico-sdk/sdk/2.1.1/src/rp2_common/pico_divider/divider_compiler.c.obj
LOAD CMakeFiles/REGI-Pico.dir/C_/Users/abina/.pico-sdk/sdk/2.1.1/src/rp2_common/pico_double/double_math.c.obj
LOAD CMakeFiles/REGI-Pico.dir/C_/Users/abina/.pico-sdk/sdk/2.1.1/src/rp2_common/pico_double/double_aeabi_dcp.S.obj
LOAD CMakeFiles/REGI-Pico.dir/C_/Users/abina/.pico-sdk/sdk/2.1.1/src/rp2_common/pico_double/double_fma_dcp.S.obj
LOAD CMakeFiles/REGI-Pico.dir/C_/Users/abina/.pico-sdk/sdk/2.1.1/src/rp2_common/pico_double/double_sci_m33.S.obj
LOAD CMakeFiles/REGI-Pico.dir/C_/Users/abina/.pico-sdk/sdk/2.1.1/src/rp2_common/pico_double/double_conv_m33.S.obj
LOAD CMakeFiles/REGI-Pico.dir/C_/Users/abina/.pico-sdk/sdk/2.1.1/src/rp2_common/pico_float/float_math.c.obj
LOAD CMakeFiles/REGI-Pico.dir/C_/Users/abina/.pico-sdk/sdk/2.1.1/src/rp2_common/pico_float/float_conv32_vfp.S.obj
LOAD CMakeFiles/REGI-Pico.dir/C_/Users/abina/.pico-sdk/sdk/2.1.1/src/rp2_common/pico_float/float_common_m33.S.obj
LOAD CMakeFiles/REGI-Pico.dir/C_/Users/abina/.pico-sdk/sdk/2.1.1/src/rp2_common/pico_float/float_sci_m33_vfp.S.obj
LOAD CMakeFiles/REGI-Pico.dir/C_/Users/abina/.pico-sdk/sdk/2.1.1/src/rp2_common/pico_malloc/malloc.c.obj
LOAD CMakeFiles/REGI-Pico.dir/C_/Users/abina/.pico-sdk/sdk/2.1.1/src/rp2_common/pico_atomic/atomic.c.obj
LOAD CMakeFiles/REGI-Pico.dir/C_/Users/abina/.pico-sdk/sdk/2.1.1/src/rp2_common/pico_cxx_options/new_delete.cpp.obj
LOAD CMakeFiles/REGI-Pico.dir/C_/Users/abina/.pico-sdk/sdk/2.1.1/src/rp2_common/pico_standard_binary_info/standard_binary_info.c.obj
LOAD CMakeFiles/REGI-Pico.dir/C_/Users/abina/.pico-sdk/sdk/2.1.1/src/rp2_common/pico_printf/printf.c.obj
LOAD CMakeFiles/REGI-Pico.dir/C_/Users/abina/.pico-sdk/sdk/2.1.1/src/rp2_common/pico_crt0/crt0.S.obj
LOAD CMakeFiles/REGI-Pico.dir/C_/Users/abina/.pico-sdk/sdk/2.1.1/src/rp2_common/pico_clib_interface/newlib_interface.c.obj
LOAD CMakeFiles/REGI-Pico.dir/C_/Users/abina/.pico-sdk/sdk/2.1.1/src/rp2_common/pico_stdio/stdio.c.obj
LOAD CMakeFiles/REGI-Pico.dir/C_/Users/abina/.pico-sdk/sdk/2.1.1/src/rp2_common/pico_stdio_uart/stdio_uart.c.obj
LOAD CMakeFiles/REGI-Pico.dir/C_/Users/abina/.pico-sdk/sdk/2.1.1/src/rp2_common/pico_rand/rand.c.obj
LOAD CMakeFiles/REGI-Pico.dir/C_/Users/abina/.pico-sdk/sdk/2.1.1/src/rp2_common/pico_unique_id/unique_id.c.obj
LOAD CMakeFiles/REGI-Pico.dir/C_/Users/abina/.pico-sdk/sdk/2.1.1/src/rp2_common/hardware_flash/flash.c.obj
LOAD CMakeFiles/REGI-Pico.dir/C_/Users/abina/.pico-sdk/sdk/2.1.1/src/rp2_common/hardware_xip_cache/xip_cache.c.obj
LOAD CMakeFiles/REGI-Pico.dir/C_/Users/abina/.pico-sdk/sdk/2.1.1/src/rp2_common/hardware_spi/spi.c.obj
LOAD CMakeFiles/REGI-Pico.dir/C_/Users/abina/.pico-sdk/sdk/2.1.1/src/rp2_common/hardware_dma/dma.c.obj
LOAD CMakeFiles/REGI-Pico.dir/C_/Users/abina/.pico-sdk/sdk/2.1.1/src/rp2_common/pico_multicore/multicore.c.obj
LOAD pico-sdk/src/rp2350/boot_stage2/CMakeFiles/bs2_default_library.dir/./bs2_default_padded_checksummed.S.obj
LOAD lib/st7735/libst7735.a
LOAD lib/config/libconfig.a
LOAD lib/font/libfont.a
LOAD lib/lcd/liblcd.a
LOAD lib/config/libconfig.a
LOAD lib/font/libfont.a
LOAD C:/Users/abina/.pico-sdk/toolchain/14_2_Rel1/bin/../lib/gcc/arm-none-eabi/14.2.1/thumb/v8-m.main+fp/softfp\libstdc++.a
LOAD C:/Users/abina/.pico-sdk/toolchain/14_2_Rel1/bin/../lib/gcc/arm-none-eabi/14.2.1/thumb/v8-m.main+fp/softfp\libm.a
START GROUP
LOAD C:/Users/abina/.pico-sdk/toolchain/14_2_Rel1/bin/../lib/gcc/arm-none-eabi/14.2.1/thumb/v8-m.main+fp/softfp\libgcc.a
LOAD C:/Users/abina/.pico-sdk/toolchain/14_2_Rel1/bin/../lib/gcc/arm-none-eabi/14.2.1/thumb/v8-m.main+fp/softfp\libg.a
LOAD C:/Users/abina/.pico-sdk/toolchain/14_2_Rel1/bin/../lib/gcc/arm-none-eabi/14.2.1/thumb/v8-m.main+fp/softfp\libc.a
END GROUP
START GROUP
LOAD C:/Users/abina/.pico-sdk/toolchain/14_2_Rel1/bin/../lib/gcc/arm-none-eabi/14.2.1/thumb/v8-m.main+fp/softfp\libgcc.a
LOAD C:/Users/abina/.pico-sdk/toolchain/14_2_Rel1/bin/../lib/gcc/arm-none-eabi/14.2.1/thumb/v8-m.main+fp/softfp\libc.a
LOAD C:/Users/abina/.pico-sdk/toolchain/14_2_Rel1/bin/../lib/gcc/arm-none-eabi/14.2.1/thumb/v8-m.main+fp/softfp\libnosys.a
END GROUP
LOAD C:/Users/abina/.pico-sdk/toolchain/14_2_Rel1/bin/../lib/gcc/arm-none-eabi/14.2.1/thumb/v8-m.main+fp/softfp/crtend.o
LOAD C:/Users/abina/.pico-sdk/toolchain/14_2_Rel1/bin/../lib/gcc/arm-none-eabi/14.2.1/thumb/v8-m.main+fp/softfp/crtn.o
OUTPUT(REGI-Pico.elf elf32-littlearm)
LOAD linker stubs

.rel.dyn        0x1000aa30        0x0
 .rel.iplt      0x1000aa30        0x0 C:/Users/abina/.pico-sdk/toolchain/14_2_Rel1/bin/../lib/gcc/arm-none-eabi/14.2.1/thumb/v8-m.main+fp/softfp/crtbegin.o

.ARM.attributes
                0x00000000       0x34
 .ARM.attributes
                0x00000000       0x26 C:/Users/abina/.pico-sdk/toolchain/14_2_Rel1/bin/../lib/gcc/arm-none-eabi/14.2.1/thumb/v8-m.main+fp/softfp/crti.o
 .ARM.attributes
                0x00000026       0x36 C:/Users/abina/.pico-sdk/toolchain/14_2_Rel1/bin/../lib/gcc/arm-none-eabi/14.2.1/thumb/v8-m.main+fp/softfp/crtbegin.o
 .ARM.attributes
                0x0000005c       0x38 CMakeFiles/REGI-Pico.dir/src/game.c.obj
 .ARM.attributes
                0x00000094       0x38 CMakeFiles/REGI-Pico.dir/src/main.c.obj
 .ARM.attributes
                0x000000cc       0x38 CMakeFiles/REGI-Pico.dir/src/tinyengine.c.obj
 .ARM.attributes
                0x00000104       0x38 CMakeFiles/REGI-Pico.dir/src/tinyengine_framebuffer.c.obj
 .ARM.attributes
                0x0000013c       0x38 CMakeFiles/REGI-Pico.dir/src/tinyengine_renderer_dvi.c.obj
 .ARM.attributes
                0x00000174       0x38 CMakeFiles/REGI-Pico.dir/src/tinyengine_renderer_ili9488.c.obj
 .ARM.attributes
                0x000001ac       0x38 CMakeFiles/REGI-Pico.dir/src/tinyengine_renderer_st7735r.c.obj
 .ARM.attributes
                0x000001e4       0x38 CMakeFiles/REGI-Pico.dir/C_/Users/abina/.pico-sdk/sdk/2.1.1/src/rp2_common/hardware_gpio/gpio.c.obj
 .ARM.attributes
                0x0000021c       0x38 CMakeFiles/REGI-Pico.dir/C_/Users/abina/.pico-sdk/sdk/2.1.1/src/rp2_common/pico_platform_panic/panic.c.obj
 .ARM.attributes
                0x00000254       0x38 CMakeFiles/REGI-Pico.dir/C_/Users/abina/.pico-sdk/sdk/2.1.1/src/common/hardware_claim/claim.c.obj
 .ARM.attributes
                0x0000028c       0x38 CMakeFiles/REGI-Pico.dir/C_/Users/abina/.pico-sdk/sdk/2.1.1/src/rp2_common/hardware_sync/sync.c.obj
 .ARM.attributes
                0x000002c4       0x38 CMakeFiles/REGI-Pico.dir/C_/Users/abina/.pico-sdk/sdk/2.1.1/src/rp2_common/hardware_sync_spin_lock/sync_spin_lock.c.obj
 .ARM.attributes
                0x000002fc       0x38 CMakeFiles/REGI-Pico.dir/C_/Users/abina/.pico-sdk/sdk/2.1.1/src/rp2_common/hardware_irq/irq.c.obj
 .ARM.attributes
                0x00000334       0x28 CMakeFiles/REGI-Pico.dir/C_/Users/abina/.pico-sdk/sdk/2.1.1/src/rp2_common/hardware_irq/irq_handler_chain.S.obj
 .ARM.attributes
                0x0000035c       0x38 CMakeFiles/REGI-Pico.dir/C_/Users/abina/.pico-sdk/sdk/2.1.1/src/common/pico_sync/lock_core.c.obj
 .ARM.attributes
                0x00000394       0x38 CMakeFiles/REGI-Pico.dir/C_/Users/abina/.pico-sdk/sdk/2.1.1/src/common/pico_sync/mutex.c.obj
 .ARM.attributes
                0x000003cc       0x38 CMakeFiles/REGI-Pico.dir/C_/Users/abina/.pico-sdk/sdk/2.1.1/src/common/pico_time/time.c.obj
 .ARM.attributes
                0x00000404       0x38 CMakeFiles/REGI-Pico.dir/C_/Users/abina/.pico-sdk/sdk/2.1.1/src/rp2_common/hardware_timer/timer.c.obj
 .ARM.attributes
                0x0000043c       0x38 CMakeFiles/REGI-Pico.dir/C_/Users/abina/.pico-sdk/sdk/2.1.1/src/rp2_common/hardware_uart/uart.c.obj
 .ARM.attributes
                0x00000474       0x38 CMakeFiles/REGI-Pico.dir/C_/Users/abina/.pico-sdk/sdk/2.1.1/src/rp2_common/hardware_clocks/clocks.c.obj
 .ARM.attributes
                0x000004ac       0x38 CMakeFiles/REGI-Pico.dir/C_/Users/abina/.pico-sdk/sdk/2.1.1/src/rp2_common/hardware_pll/pll.c.obj
 .ARM.attributes
                0x000004e4       0x38 CMakeFiles/REGI-Pico.dir/C_/Users/abina/.pico-sdk/sdk/2.1.1/src/rp2_common/hardware_vreg/vreg.c.obj
 .ARM.attributes
                0x0000051c       0x38 CMakeFiles/REGI-Pico.dir/C_/Users/abina/.pico-sdk/sdk/2.1.1/src/rp2_common/hardware_ticks/ticks.c.obj
 .ARM.attributes
                0x00000554       0x38 CMakeFiles/REGI-Pico.dir/C_/Users/abina/.pico-sdk/sdk/2.1.1/src/rp2_common/pico_bootrom/bootrom.c.obj
 .ARM.attributes
                0x0000058c       0x38 CMakeFiles/REGI-Pico.dir/C_/Users/abina/.pico-sdk/sdk/2.1.1/src/rp2_common/pico_bootrom/bootrom_lock.c.obj
 .ARM.attributes
                0x000005c4       0x38 CMakeFiles/REGI-Pico.dir/C_/Users/abina/.pico-sdk/sdk/2.1.1/src/rp2_common/hardware_boot_lock/boot_lock.c.obj
 .ARM.attributes
                0x000005fc       0x38 CMakeFiles/REGI-Pico.dir/C_/Users/abina/.pico-sdk/sdk/2.1.1/src/rp2_common/hardware_xosc/xosc.c.obj
 .ARM.attributes
                0x00000634       0x38 CMakeFiles/REGI-Pico.dir/C_/Users/abina/.pico-sdk/sdk/2.1.1/src/rp2_common/pico_runtime/runtime.c.obj
 .ARM.attributes
                0x0000066c       0x38 CMakeFiles/REGI-Pico.dir/C_/Users/abina/.pico-sdk/sdk/2.1.1/src/rp2_common/pico_runtime_init/runtime_init.c.obj
 .ARM.attributes
                0x000006a4       0x38 CMakeFiles/REGI-Pico.dir/C_/Users/abina/.pico-sdk/sdk/2.1.1/src/rp2_common/pico_runtime_init/runtime_init_clocks.c.obj
 .ARM.attributes
                0x000006dc       0x28 CMakeFiles/REGI-Pico.dir/C_/Users/abina/.pico-sdk/sdk/2.1.1/src/rp2_common/pico_double/double_aeabi_dcp.S.obj
 .ARM.attributes
                0x00000704       0x38 CMakeFiles/REGI-Pico.dir/C_/Users/abina/.pico-sdk/sdk/2.1.1/src/rp2_common/pico_malloc/malloc.c.obj
 .ARM.attributes
                0x0000073c       0x38 CMakeFiles/REGI-Pico.dir/C_/Users/abina/.pico-sdk/sdk/2.1.1/src/rp2_common/pico_standard_binary_info/standard_binary_info.c.obj
 .ARM.attributes
                0x00000774       0x38 CMakeFiles/REGI-Pico.dir/C_/Users/abina/.pico-sdk/sdk/2.1.1/src/rp2_common/pico_printf/printf.c.obj
 .ARM.attributes
                0x000007ac       0x28 CMakeFiles/REGI-Pico.dir/C_/Users/abina/.pico-sdk/sdk/2.1.1/src/rp2_common/pico_crt0/crt0.S.obj
 .ARM.attributes
                0x000007d4       0x38 CMakeFiles/REGI-Pico.dir/C_/Users/abina/.pico-sdk/sdk/2.1.1/src/rp2_common/pico_clib_interface/newlib_interface.c.obj
 .ARM.attributes
                0x0000080c       0x38 CMakeFiles/REGI-Pico.dir/C_/Users/abina/.pico-sdk/sdk/2.1.1/src/rp2_common/pico_stdio/stdio.c.obj
 .ARM.attributes
                0x00000844       0x38 CMakeFiles/REGI-Pico.dir/C_/Users/abina/.pico-sdk/sdk/2.1.1/src/rp2_common/pico_stdio_uart/stdio_uart.c.obj
 .ARM.attributes
                0x0000087c       0x38 CMakeFiles/REGI-Pico.dir/C_/Users/abina/.pico-sdk/sdk/2.1.1/src/rp2_common/pico_rand/rand.c.obj
 .ARM.attributes
                0x000008b4       0x38 CMakeFiles/REGI-Pico.dir/C_/Users/abina/.pico-sdk/sdk/2.1.1/src/rp2_common/pico_unique_id/unique_id.c.obj
 .ARM.attributes
                0x000008ec       0x38 CMakeFiles/REGI-Pico.dir/C_/Users/abina/.pico-sdk/sdk/2.1.1/src/rp2_common/hardware_spi/spi.c.obj
 .ARM.attributes
                0x00000924       0x38 CMakeFiles/REGI-Pico.dir/C_/Users/abina/.pico-sdk/sdk/2.1.1/src/rp2_common/hardware_dma/dma.c.obj
 .ARM.attributes
                0x0000095c       0x38 CMakeFiles/REGI-Pico.dir/C_/Users/abina/.pico-sdk/sdk/2.1.1/src/rp2_common/pico_multicore/multicore.c.obj
 .ARM.attributes
                0x00000994       0x38 lib/st7735/libst7735.a(ST7735_TFT.c.obj)
 .ARM.attributes
                0x000009cc       0x38 lib/config/libconfig.a(DEV_Config.c.obj)
 .ARM.attributes
                0x00000a04       0x38 lib/lcd/liblcd.a(LCD_Driver.c.obj)
 .ARM.attributes
                0x00000a3c       0x26 C:/Users/abina/.pico-sdk/toolchain/14_2_Rel1/bin/../lib/gcc/arm-none-eabi/14.2.1/thumb/v8-m.main+fp/softfp\libgcc.a(_aeabi_uldivmod.o)
 .ARM.attributes
                0x00000a62       0x36 C:/Users/abina/.pico-sdk/toolchain/14_2_Rel1/bin/../lib/gcc/arm-none-eabi/14.2.1/thumb/v8-m.main+fp/softfp\libgcc.a(_udivmoddi4.o)
 .ARM.attributes
                0x00000a98       0x26 C:/Users/abina/.pico-sdk/toolchain/14_2_Rel1/bin/../lib/gcc/arm-none-eabi/14.2.1/thumb/v8-m.main+fp/softfp\libgcc.a(_dvmd_tls.o)
 .ARM.attributes
                0x00000abe       0x36 C:/Users/abina/.pico-sdk/toolchain/14_2_Rel1/bin/../lib/gcc/arm-none-eabi/14.2.1/thumb/v8-m.main+fp/softfp\libg.a(libc_a-calloc.o)
 .ARM.attributes
                0x00000af4       0x36 C:/Users/abina/.pico-sdk/toolchain/14_2_Rel1/bin/../lib/gcc/arm-none-eabi/14.2.1/thumb/v8-m.main+fp/softfp\libg.a(libc_a-callocr.o)
 .ARM.attributes
                0x00000b2a       0x36 C:/Users/abina/.pico-sdk/toolchain/14_2_Rel1/bin/../lib/gcc/arm-none-eabi/14.2.1/thumb/v8-m.main+fp/softfp\libg.a(libc_a-malloc.o)
 .ARM.attributes